Archive member included to satisfy reference by file (symbol)

/Applications/MCUXpressoIDE_10.0.2_411/ide/tools/bin/../lib/gcc/arm-none-eabi/5.4.1/../../../../arm-none-eabi/lib/armv7e-m/fpu/libcr_semihost_nf.a(_cr__main.o)
                              ./startup/startup_mk64f12.o (__main)
/Applications/MCUXpressoIDE_10.0.2_411/ide/tools/bin/../lib/gcc/arm-none-eabi/5.4.1/../../../../arm-none-eabi/lib/armv7e-m/fpu/libcr_c.a(initio.o)
                              /Applications/MCUXpressoIDE_10.0.2_411/ide/tools/bin/../lib/gcc/arm-none-eabi/5.4.1/../../../../arm-none-eabi/lib/armv7e-m/fpu/libcr_semihost_nf.a(_cr__main.o) (_initio)
/Applications/MCUXpressoIDE_10.0.2_411/ide/tools/bin/../lib/gcc/arm-none-eabi/5.4.1/../../../../arm-none-eabi/lib/armv7e-m/fpu/libcr_c.a(setvbuf.o)
                              /Applications/MCUXpressoIDE_10.0.2_411/ide/tools/bin/../lib/gcc/arm-none-eabi/5.4.1/../../../../arm-none-eabi/lib/armv7e-m/fpu/libcr_c.a(initio.o) (setvbuf)
/Applications/MCUXpressoIDE_10.0.2_411/ide/tools/bin/../lib/gcc/arm-none-eabi/5.4.1/../../../../arm-none-eabi/lib/armv7e-m/fpu/libcr_c.a(_fdopen.o)
                              /Applications/MCUXpressoIDE_10.0.2_411/ide/tools/bin/../lib/gcc/arm-none-eabi/5.4.1/../../../../arm-none-eabi/lib/armv7e-m/fpu/libcr_c.a(initio.o) (_fdopen)
/Applications/MCUXpressoIDE_10.0.2_411/ide/tools/bin/../lib/gcc/arm-none-eabi/5.4.1/../../../../arm-none-eabi/lib/armv7e-m/fpu/libcr_c.a(fclose.o)
                              /Applications/MCUXpressoIDE_10.0.2_411/ide/tools/bin/../lib/gcc/arm-none-eabi/5.4.1/../../../../arm-none-eabi/lib/armv7e-m/fpu/libcr_c.a(initio.o) (fclose)
/Applications/MCUXpressoIDE_10.0.2_411/ide/tools/bin/../lib/gcc/arm-none-eabi/5.4.1/../../../../arm-none-eabi/lib/armv7e-m/fpu/libcr_c.a(fflush.o)
                              /Applications/MCUXpressoIDE_10.0.2_411/ide/tools/bin/../lib/gcc/arm-none-eabi/5.4.1/../../../../arm-none-eabi/lib/armv7e-m/fpu/libcr_c.a(fclose.o) (fflush)
/Applications/MCUXpressoIDE_10.0.2_411/ide/tools/bin/../lib/gcc/arm-none-eabi/5.4.1/../../../../arm-none-eabi/lib/armv7e-m/fpu/libcr_c.a(fseek.o)
                              /Applications/MCUXpressoIDE_10.0.2_411/ide/tools/bin/../lib/gcc/arm-none-eabi/5.4.1/../../../../arm-none-eabi/lib/armv7e-m/fpu/libcr_c.a(_fdopen.o) (fseek)
/Applications/MCUXpressoIDE_10.0.2_411/ide/tools/bin/../lib/gcc/arm-none-eabi/5.4.1/../../../../arm-none-eabi/lib/armv7e-m/fpu/libcr_c.a(ftell.o)
                              /Applications/MCUXpressoIDE_10.0.2_411/ide/tools/bin/../lib/gcc/arm-none-eabi/5.4.1/../../../../arm-none-eabi/lib/armv7e-m/fpu/libcr_c.a(fseek.o) (ftell)
/Applications/MCUXpressoIDE_10.0.2_411/ide/tools/bin/../lib/gcc/arm-none-eabi/5.4.1/../../../../arm-none-eabi/lib/armv7e-m/fpu/libcr_c.a(remove.o)
                              /Applications/MCUXpressoIDE_10.0.2_411/ide/tools/bin/../lib/gcc/arm-none-eabi/5.4.1/../../../../arm-none-eabi/lib/armv7e-m/fpu/libcr_c.a(fclose.o) (remove)
/Applications/MCUXpressoIDE_10.0.2_411/ide/tools/bin/../lib/gcc/arm-none-eabi/5.4.1/../../../../arm-none-eabi/lib/armv7e-m/fpu/libcr_c.a(strlen.o)
                              /Applications/MCUXpressoIDE_10.0.2_411/ide/tools/bin/../lib/gcc/arm-none-eabi/5.4.1/../../../../arm-none-eabi/lib/armv7e-m/fpu/libcr_c.a(remove.o) (strlen)
/Applications/MCUXpressoIDE_10.0.2_411/ide/tools/bin/../lib/gcc/arm-none-eabi/5.4.1/../../../../arm-none-eabi/lib/armv7e-m/fpu/libcr_c.a(memset.o)
                              /Applications/MCUXpressoIDE_10.0.2_411/ide/tools/bin/../lib/gcc/arm-none-eabi/5.4.1/../../../../arm-none-eabi/lib/armv7e-m/fpu/libcr_c.a(fclose.o) (memset)
/Applications/MCUXpressoIDE_10.0.2_411/ide/tools/bin/../lib/gcc/arm-none-eabi/5.4.1/../../../../arm-none-eabi/lib/armv7e-m/fpu/libcr_c.a(_do_fflush.o)
                              /Applications/MCUXpressoIDE_10.0.2_411/ide/tools/bin/../lib/gcc/arm-none-eabi/5.4.1/../../../../arm-none-eabi/lib/armv7e-m/fpu/libcr_c.a(fflush.o) (_do_fflush)
/Applications/MCUXpressoIDE_10.0.2_411/ide/tools/bin/../lib/gcc/arm-none-eabi/5.4.1/../../../../arm-none-eabi/lib/armv7e-m/fpu/libcr_c.a(_fflush.o)
                              /Applications/MCUXpressoIDE_10.0.2_411/ide/tools/bin/../lib/gcc/arm-none-eabi/5.4.1/../../../../arm-none-eabi/lib/armv7e-m/fpu/libcr_c.a(_do_fflush.o) (_fflush)
/Applications/MCUXpressoIDE_10.0.2_411/ide/tools/bin/../lib/gcc/arm-none-eabi/5.4.1/../../../../arm-none-eabi/lib/armv7e-m/fpu/libcr_c.a(_writebuf.o)
                              /Applications/MCUXpressoIDE_10.0.2_411/ide/tools/bin/../lib/gcc/arm-none-eabi/5.4.1/../../../../arm-none-eabi/lib/armv7e-m/fpu/libcr_c.a(_fflush.o) (_Cwritebuf)
/Applications/MCUXpressoIDE_10.0.2_411/ide/tools/bin/../lib/gcc/arm-none-eabi/5.4.1/../../../../arm-none-eabi/lib/armv7e-m/fpu/libcr_c.a(alloc.o)
                              /Applications/MCUXpressoIDE_10.0.2_411/ide/tools/bin/../lib/gcc/arm-none-eabi/5.4.1/../../../../arm-none-eabi/lib/armv7e-m/fpu/libcr_c.a(fclose.o) (free)
/Applications/MCUXpressoIDE_10.0.2_411/ide/tools/bin/../lib/gcc/arm-none-eabi/5.4.1/../../../../arm-none-eabi/lib/armv7e-m/fpu/libcr_c.a(errno.o)
                              /Applications/MCUXpressoIDE_10.0.2_411/ide/tools/bin/../lib/gcc/arm-none-eabi/5.4.1/../../../../arm-none-eabi/lib/armv7e-m/fpu/libcr_c.a(ftell.o) (errno)
/Applications/MCUXpressoIDE_10.0.2_411/ide/tools/bin/../lib/gcc/arm-none-eabi/5.4.1/../../../../arm-none-eabi/lib/armv7e-m/fpu/libcr_c.a(memcpy.o)
                              /Applications/MCUXpressoIDE_10.0.2_411/ide/tools/bin/../lib/gcc/arm-none-eabi/5.4.1/../../../../arm-none-eabi/lib/armv7e-m/fpu/libcr_c.a(alloc.o) (memcpy)
/Applications/MCUXpressoIDE_10.0.2_411/ide/tools/bin/../lib/gcc/arm-none-eabi/5.4.1/../../../../arm-none-eabi/lib/armv7e-m/fpu/libcr_c.a(__init_alloc.o)
                              /Applications/MCUXpressoIDE_10.0.2_411/ide/tools/bin/../lib/gcc/arm-none-eabi/5.4.1/../../../../arm-none-eabi/lib/armv7e-m/fpu/libcr_c.a(alloc.o) (__heaps)
/Applications/MCUXpressoIDE_10.0.2_411/ide/tools/bin/../lib/gcc/arm-none-eabi/5.4.1/../../../../arm-none-eabi/lib/armv7e-m/fpu/libcr_c.a(_cr_sbrk.o)
                              /Applications/MCUXpressoIDE_10.0.2_411/ide/tools/bin/../lib/gcc/arm-none-eabi/5.4.1/../../../../arm-none-eabi/lib/armv7e-m/fpu/libcr_c.a(alloc.o) (_sbrk)
/Applications/MCUXpressoIDE_10.0.2_411/ide/tools/bin/../lib/gcc/arm-none-eabi/5.4.1/../../../../arm-none-eabi/lib/armv7e-m/fpu/libcr_c.a(_deferredlazyseek.o)
                              /Applications/MCUXpressoIDE_10.0.2_411/ide/tools/bin/../lib/gcc/arm-none-eabi/5.4.1/../../../../arm-none-eabi/lib/armv7e-m/fpu/libcr_c.a(_do_fflush.o) (_deferredlazyseek)
/Applications/MCUXpressoIDE_10.0.2_411/ide/tools/bin/../lib/gcc/arm-none-eabi/5.4.1/../../../../arm-none-eabi/lib/armv7e-m/fpu/libcr_c.a(_cr_check_heap.o)
                              /Applications/MCUXpressoIDE_10.0.2_411/ide/tools/bin/../lib/gcc/arm-none-eabi/5.4.1/../../../../arm-none-eabi/lib/armv7e-m/fpu/libcr_c.a(_cr_sbrk.o) (__check_heap_overflow)
/Applications/MCUXpressoIDE_10.0.2_411/ide/tools/bin/../lib/gcc/arm-none-eabi/5.4.1/armv7e-m/fpu/libcr_eabihelpers.a(memcpy.o)
                              /Applications/MCUXpressoIDE_10.0.2_411/ide/tools/bin/../lib/gcc/arm-none-eabi/5.4.1/../../../../arm-none-eabi/lib/armv7e-m/fpu/libcr_c.a(memcpy.o) (__aeabi_memcpy)
/Applications/MCUXpressoIDE_10.0.2_411/ide/tools/bin/../lib/gcc/arm-none-eabi/5.4.1/../../../../arm-none-eabi/lib/armv7e-m/fpu/libcr_semihost_nf.a(__ciob.o)
                              /Applications/MCUXpressoIDE_10.0.2_411/ide/tools/bin/../lib/gcc/arm-none-eabi/5.4.1/../../../../arm-none-eabi/lib/armv7e-m/fpu/libcr_c.a(initio.o) (__Ciob)
/Applications/MCUXpressoIDE_10.0.2_411/ide/tools/bin/../lib/gcc/arm-none-eabi/5.4.1/../../../../arm-none-eabi/lib/armv7e-m/fpu/libcr_semihost_nf.a(__sys_appexit.o)
                              /Applications/MCUXpressoIDE_10.0.2_411/ide/tools/bin/../lib/gcc/arm-none-eabi/5.4.1/../../../../arm-none-eabi/lib/armv7e-m/fpu/libcr_c.a(alloc.o) (__sys_appexit)
/Applications/MCUXpressoIDE_10.0.2_411/ide/tools/bin/../lib/gcc/arm-none-eabi/5.4.1/../../../../arm-none-eabi/lib/armv7e-m/fpu/libcr_semihost_nf.a(__sys_close.o)
                              /Applications/MCUXpressoIDE_10.0.2_411/ide/tools/bin/../lib/gcc/arm-none-eabi/5.4.1/../../../../arm-none-eabi/lib/armv7e-m/fpu/libcr_c.a(fclose.o) (__sys_close)
/Applications/MCUXpressoIDE_10.0.2_411/ide/tools/bin/../lib/gcc/arm-none-eabi/5.4.1/../../../../arm-none-eabi/lib/armv7e-m/fpu/libcr_semihost_nf.a(__sys_flen.o)
                              /Applications/MCUXpressoIDE_10.0.2_411/ide/tools/bin/../lib/gcc/arm-none-eabi/5.4.1/../../../../arm-none-eabi/lib/armv7e-m/fpu/libcr_c.a(fseek.o) (__sys_flen)
/Applications/MCUXpressoIDE_10.0.2_411/ide/tools/bin/../lib/gcc/arm-none-eabi/5.4.1/../../../../arm-none-eabi/lib/armv7e-m/fpu/libcr_semihost_nf.a(__sys_istty.o)
                              /Applications/MCUXpressoIDE_10.0.2_411/ide/tools/bin/../lib/gcc/arm-none-eabi/5.4.1/../../../../arm-none-eabi/lib/armv7e-m/fpu/libcr_c.a(fseek.o) (__sys_istty)
/Applications/MCUXpressoIDE_10.0.2_411/ide/tools/bin/../lib/gcc/arm-none-eabi/5.4.1/../../../../arm-none-eabi/lib/armv7e-m/fpu/libcr_semihost_nf.a(__sys_remove.o)
                              /Applications/MCUXpressoIDE_10.0.2_411/ide/tools/bin/../lib/gcc/arm-none-eabi/5.4.1/../../../../arm-none-eabi/lib/armv7e-m/fpu/libcr_c.a(remove.o) (__sys_remove)
/Applications/MCUXpressoIDE_10.0.2_411/ide/tools/bin/../lib/gcc/arm-none-eabi/5.4.1/../../../../arm-none-eabi/lib/armv7e-m/fpu/libcr_semihost_nf.a(__sys_rename.o)
                              /Applications/MCUXpressoIDE_10.0.2_411/ide/tools/bin/../lib/gcc/arm-none-eabi/5.4.1/../../../../arm-none-eabi/lib/armv7e-m/fpu/libcr_c.a(remove.o) (__sys_rename)
/Applications/MCUXpressoIDE_10.0.2_411/ide/tools/bin/../lib/gcc/arm-none-eabi/5.4.1/../../../../arm-none-eabi/lib/armv7e-m/fpu/libcr_semihost_nf.a(__sys_seek.o)
                              /Applications/MCUXpressoIDE_10.0.2_411/ide/tools/bin/../lib/gcc/arm-none-eabi/5.4.1/../../../../arm-none-eabi/lib/armv7e-m/fpu/libcr_c.a(_writebuf.o) (__sys_seek)
/Applications/MCUXpressoIDE_10.0.2_411/ide/tools/bin/../lib/gcc/arm-none-eabi/5.4.1/../../../../arm-none-eabi/lib/armv7e-m/fpu/libcr_semihost_nf.a(__sys_tmpnam.o)
                              /Applications/MCUXpressoIDE_10.0.2_411/ide/tools/bin/../lib/gcc/arm-none-eabi/5.4.1/../../../../arm-none-eabi/lib/armv7e-m/fpu/libcr_c.a(fclose.o) (__sys_tmpnam)
/Applications/MCUXpressoIDE_10.0.2_411/ide/tools/bin/../lib/gcc/arm-none-eabi/5.4.1/../../../../arm-none-eabi/lib/armv7e-m/fpu/libcr_semihost_nf.a(__sys_write.o)
                              /Applications/MCUXpressoIDE_10.0.2_411/ide/tools/bin/../lib/gcc/arm-none-eabi/5.4.1/../../../../arm-none-eabi/lib/armv7e-m/fpu/libcr_c.a(_writebuf.o) (__sys_write)

Discarded input sections

 .group         0x0000000000000000        0x8 ./startup/startup_mk64f12.o
 .text          0x0000000000000000        0x0 ./startup/startup_mk64f12.o
 .data          0x0000000000000000        0x0 ./startup/startup_mk64f12.o
 .bss           0x0000000000000000        0x0 ./startup/startup_mk64f12.o
 .group         0x0000000000000000        0x8 ./source/GPIO.o
 .group         0x0000000000000000        0x8 ./source/GPIO.o
 .group         0x0000000000000000        0x8 ./source/GPIO.o
 .group         0x0000000000000000        0x8 ./source/GPIO.o
 .group         0x0000000000000000        0x8 ./source/GPIO.o
 .group         0x0000000000000000        0x8 ./source/GPIO.o
 .group         0x0000000000000000        0x8 ./source/GPIO.o
 .group         0x0000000000000000        0x8 ./source/GPIO.o
 .group         0x0000000000000000        0x8 ./source/GPIO.o
 .group         0x0000000000000000        0x8 ./source/GPIO.o
 .group         0x0000000000000000        0x8 ./source/GPIO.o
 .text          0x0000000000000000        0x0 ./source/GPIO.o
 .data          0x0000000000000000        0x0 ./source/GPIO.o
 .bss           0x0000000000000000        0x0 ./source/GPIO.o
 .bss.GPIO_intrStatusFlag
                0x0000000000000000        0x1 ./source/GPIO.o
 .text.GPIO_getIRQStatus
                0x0000000000000000       0x7c ./source/GPIO.o
 .text.GPIO_clearIRQStatus
                0x0000000000000000       0x80 ./source/GPIO.o
 .text.GPIO_clearInterrupt
                0x0000000000000000       0x84 ./source/GPIO.o
 .text.GPIO_clockGating
                0x0000000000000000       0xc4 ./source/GPIO.o
 .text.GPIO_pinControlRegister
                0x0000000000000000       0x9c ./source/GPIO.o
 .text.GPIO_writePORT
                0x0000000000000000       0x78 ./source/GPIO.o
 .text.GPIO_readPORT
                0x0000000000000000       0x7c ./source/GPIO.o
 .text.GPIO_readPIN
                0x0000000000000000       0x9c ./source/GPIO.o
 .text.GPIO_setPIN
                0x0000000000000000       0x8c ./source/GPIO.o
 .text.GPIO_clearPIN
                0x0000000000000000       0x8c ./source/GPIO.o
 .text.GPIO_tooglePIN
                0x0000000000000000       0x8c ./source/GPIO.o
 .text.GPIO_dataDirectionPORT
                0x0000000000000000       0xf8 ./source/GPIO.o
 .text.GPIO_dataDirectionPIN
                0x0000000000000000      0x148 ./source/GPIO.o
 .debug_info    0x0000000000000000      0x75f ./source/GPIO.o
 .debug_abbrev  0x0000000000000000      0x1c6 ./source/GPIO.o
 .debug_aranges
                0x0000000000000000       0x80 ./source/GPIO.o
 .debug_ranges  0x0000000000000000       0x70 ./source/GPIO.o
 .debug_macro   0x0000000000000000       0xac ./source/GPIO.o
 .debug_macro   0x0000000000000000      0x8c2 ./source/GPIO.o
 .debug_macro   0x0000000000000000       0x5b ./source/GPIO.o
 .debug_macro   0x0000000000000000       0x10 ./source/GPIO.o
 .debug_macro   0x0000000000000000      0x12d ./source/GPIO.o
 .debug_macro   0x0000000000000000      0x5b2 ./source/GPIO.o
 .debug_macro   0x0000000000000000       0x35 ./source/GPIO.o
 .debug_macro   0x0000000000000000       0x50 ./source/GPIO.o
 .debug_macro   0x0000000000000000      0xd40 ./source/GPIO.o
 .debug_macro   0x0000000000000000       0x44 ./source/GPIO.o
 .debug_macro   0x0000000000000000     0xe07b ./source/GPIO.o
 .debug_macro   0x0000000000000000       0xa6 ./source/GPIO.o
 .debug_line    0x0000000000000000      0x3c1 ./source/GPIO.o
 .debug_str     0x0000000000000000    0x7005f ./source/GPIO.o
 .comment       0x0000000000000000       0x6f ./source/GPIO.o
 .debug_frame   0x0000000000000000      0x218 ./source/GPIO.o
 .ARM.attributes
                0x0000000000000000       0x39 ./source/GPIO.o
 .group         0x0000000000000000        0x8 ./source/main.o
 .group         0x0000000000000000        0x8 ./source/main.o
 .group         0x0000000000000000        0x8 ./source/main.o
 .group         0x0000000000000000        0x8 ./source/main.o
 .group         0x0000000000000000        0x8 ./source/main.o
 .group         0x0000000000000000        0x8 ./source/main.o
 .group         0x0000000000000000        0x8 ./source/main.o
 .group         0x0000000000000000        0x8 ./source/main.o
 .group         0x0000000000000000        0x8 ./source/main.o
 .group         0x0000000000000000        0x8 ./source/main.o
 .group         0x0000000000000000        0x8 ./source/main.o
 .text          0x0000000000000000        0x0 ./source/main.o
 .data          0x0000000000000000        0x0 ./source/main.o
 .bss           0x0000000000000000        0x0 ./source/main.o
 .rodata.BtnSate
                0x0000000000000000       0x80 ./source/main.o
 .debug_macro   0x0000000000000000      0x8c2 ./source/main.o
 .debug_macro   0x0000000000000000       0x10 ./source/main.o
 .debug_macro   0x0000000000000000      0x12d ./source/main.o
 .debug_macro   0x0000000000000000       0x5b ./source/main.o
 .debug_macro   0x0000000000000000      0x5b2 ./source/main.o
 .debug_macro   0x0000000000000000       0x35 ./source/main.o
 .debug_macro   0x0000000000000000       0x50 ./source/main.o
 .debug_macro   0x0000000000000000      0xd40 ./source/main.o
 .debug_macro   0x0000000000000000       0x44 ./source/main.o
 .debug_macro   0x0000000000000000     0xe07b ./source/main.o
 .group         0x0000000000000000        0x8 ./source/pushButton.o
 .text          0x0000000000000000        0x0 ./source/pushButton.o
 .data          0x0000000000000000        0x0 ./source/pushButton.o
 .bss           0x0000000000000000        0x0 ./source/pushButton.o
 .debug_info    0x0000000000000000       0x21 ./source/pushButton.o
 .debug_abbrev  0x0000000000000000       0x13 ./source/pushButton.o
 .debug_aranges
                0x0000000000000000       0x18 ./source/pushButton.o
 .debug_macro   0x0000000000000000       0x11 ./source/pushButton.o
 .debug_macro   0x0000000000000000      0x8c2 ./source/pushButton.o
 .debug_line    0x0000000000000000       0x37 ./source/pushButton.o
 .debug_str     0x0000000000000000     0x259a ./source/pushButton.o
 .comment       0x0000000000000000       0x6f ./source/pushButton.o
 .ARM.attributes
                0x0000000000000000       0x39 ./source/pushButton.o
 .group         0x0000000000000000        0x8 ./CMSIS/system_MK64F12.o
 .group         0x0000000000000000        0x8 ./CMSIS/system_MK64F12.o
 .group         0x0000000000000000        0x8 ./CMSIS/system_MK64F12.o
 .group         0x0000000000000000        0x8 ./CMSIS/system_MK64F12.o
 .group         0x0000000000000000        0x8 ./CMSIS/system_MK64F12.o
 .group         0x0000000000000000        0x8 ./CMSIS/system_MK64F12.o
 .group         0x0000000000000000        0x8 ./CMSIS/system_MK64F12.o
 .group         0x0000000000000000        0x8 ./CMSIS/system_MK64F12.o
 .group         0x0000000000000000        0x8 ./CMSIS/system_MK64F12.o
 .group         0x0000000000000000        0x8 ./CMSIS/system_MK64F12.o
 .group         0x0000000000000000        0x8 ./CMSIS/system_MK64F12.o
 .group         0x0000000000000000        0x8 ./CMSIS/system_MK64F12.o
 .text          0x0000000000000000        0x0 ./CMSIS/system_MK64F12.o
 .data          0x0000000000000000        0x0 ./CMSIS/system_MK64F12.o
 .bss           0x0000000000000000        0x0 ./CMSIS/system_MK64F12.o
 .data.SystemCoreClock
                0x0000000000000000        0x4 ./CMSIS/system_MK64F12.o
 .text.SystemCoreClockUpdate
                0x0000000000000000      0x278 ./CMSIS/system_MK64F12.o
 .debug_macro   0x0000000000000000      0x8c2 ./CMSIS/system_MK64F12.o
 .debug_macro   0x0000000000000000       0x10 ./CMSIS/system_MK64F12.o
 .debug_macro   0x0000000000000000      0x12d ./CMSIS/system_MK64F12.o
 .debug_macro   0x0000000000000000      0x5b2 ./CMSIS/system_MK64F12.o
 .debug_macro   0x0000000000000000       0x5b ./CMSIS/system_MK64F12.o
 .debug_macro   0x0000000000000000       0x50 ./CMSIS/system_MK64F12.o
 .debug_macro   0x0000000000000000      0xd40 ./CMSIS/system_MK64F12.o
 .debug_macro   0x0000000000000000       0x44 ./CMSIS/system_MK64F12.o
 .debug_macro   0x0000000000000000     0xe07b ./CMSIS/system_MK64F12.o
 .text          0x0000000000000000        0x0 /Applications/MCUXpressoIDE_10.0.2_411/ide/tools/bin/../lib/gcc/arm-none-eabi/5.4.1/../../../../arm-none-eabi/lib/armv7e-m/fpu/libcr_semihost_nf.a(_cr__main.o)
 .data          0x0000000000000000        0x0 /Applications/MCUXpressoIDE_10.0.2_411/ide/tools/bin/../lib/gcc/arm-none-eabi/5.4.1/../../../../arm-none-eabi/lib/armv7e-m/fpu/libcr_semihost_nf.a(_cr__main.o)
 .bss           0x0000000000000000        0x0 /Applications/MCUXpressoIDE_10.0.2_411/ide/tools/bin/../lib/gcc/arm-none-eabi/5.4.1/../../../../arm-none-eabi/lib/armv7e-m/fpu/libcr_semihost_nf.a(_cr__main.o)
 .text          0x0000000000000000        0x0 /Applications/MCUXpressoIDE_10.0.2_411/ide/tools/bin/../lib/gcc/arm-none-eabi/5.4.1/../../../../arm-none-eabi/lib/armv7e-m/fpu/libcr_c.a(initio.o)
 .data          0x0000000000000000        0x0 /Applications/MCUXpressoIDE_10.0.2_411/ide/tools/bin/../lib/gcc/arm-none-eabi/5.4.1/../../../../arm-none-eabi/lib/armv7e-m/fpu/libcr_c.a(initio.o)
 .bss           0x0000000000000000        0x0 /Applications/MCUXpressoIDE_10.0.2_411/ide/tools/bin/../lib/gcc/arm-none-eabi/5.4.1/../../../../arm-none-eabi/lib/armv7e-m/fpu/libcr_c.a(initio.o)
 .text._terminateio
                0x0000000000000000       0x50 /Applications/MCUXpressoIDE_10.0.2_411/ide/tools/bin/../lib/gcc/arm-none-eabi/5.4.1/../../../../arm-none-eabi/lib/armv7e-m/fpu/libcr_c.a(initio.o)
 .text          0x0000000000000000        0x0 /Applications/MCUXpressoIDE_10.0.2_411/ide/tools/bin/../lib/gcc/arm-none-eabi/5.4.1/../../../../arm-none-eabi/lib/armv7e-m/fpu/libcr_c.a(setvbuf.o)
 .data          0x0000000000000000        0x0 /Applications/MCUXpressoIDE_10.0.2_411/ide/tools/bin/../lib/gcc/arm-none-eabi/5.4.1/../../../../arm-none-eabi/lib/armv7e-m/fpu/libcr_c.a(setvbuf.o)
 .bss           0x0000000000000000        0x0 /Applications/MCUXpressoIDE_10.0.2_411/ide/tools/bin/../lib/gcc/arm-none-eabi/5.4.1/../../../../arm-none-eabi/lib/armv7e-m/fpu/libcr_c.a(setvbuf.o)
 .text          0x0000000000000000        0x0 /Applications/MCUXpressoIDE_10.0.2_411/ide/tools/bin/../lib/gcc/arm-none-eabi/5.4.1/../../../../arm-none-eabi/lib/armv7e-m/fpu/libcr_c.a(_fdopen.o)
 .data          0x0000000000000000        0x0 /Applications/MCUXpressoIDE_10.0.2_411/ide/tools/bin/../lib/gcc/arm-none-eabi/5.4.1/../../../../arm-none-eabi/lib/armv7e-m/fpu/libcr_c.a(_fdopen.o)
 .bss           0x0000000000000000        0x0 /Applications/MCUXpressoIDE_10.0.2_411/ide/tools/bin/../lib/gcc/arm-none-eabi/5.4.1/../../../../arm-none-eabi/lib/armv7e-m/fpu/libcr_c.a(_fdopen.o)
 .text          0x0000000000000000        0x0 /Applications/MCUXpressoIDE_10.0.2_411/ide/tools/bin/../lib/gcc/arm-none-eabi/5.4.1/../../../../arm-none-eabi/lib/armv7e-m/fpu/libcr_c.a(fclose.o)
 .data          0x0000000000000000        0x0 /Applications/MCUXpressoIDE_10.0.2_411/ide/tools/bin/../lib/gcc/arm-none-eabi/5.4.1/../../../../arm-none-eabi/lib/armv7e-m/fpu/libcr_c.a(fclose.o)
 .bss           0x0000000000000000        0x0 /Applications/MCUXpressoIDE_10.0.2_411/ide/tools/bin/../lib/gcc/arm-none-eabi/5.4.1/../../../../arm-none-eabi/lib/armv7e-m/fpu/libcr_c.a(fclose.o)
 .text          0x0000000000000000        0x0 /Applications/MCUXpressoIDE_10.0.2_411/ide/tools/bin/../lib/gcc/arm-none-eabi/5.4.1/../../../../arm-none-eabi/lib/armv7e-m/fpu/libcr_c.a(fflush.o)
 .data          0x0000000000000000        0x0 /Applications/MCUXpressoIDE_10.0.2_411/ide/tools/bin/../lib/gcc/arm-none-eabi/5.4.1/../../../../arm-none-eabi/lib/armv7e-m/fpu/libcr_c.a(fflush.o)
 .bss           0x0000000000000000        0x0 /Applications/MCUXpressoIDE_10.0.2_411/ide/tools/bin/../lib/gcc/arm-none-eabi/5.4.1/../../../../arm-none-eabi/lib/armv7e-m/fpu/libcr_c.a(fflush.o)
 .text          0x0000000000000000        0x0 /Applications/MCUXpressoIDE_10.0.2_411/ide/tools/bin/../lib/gcc/arm-none-eabi/5.4.1/../../../../arm-none-eabi/lib/armv7e-m/fpu/libcr_c.a(fseek.o)
 .data          0x0000000000000000        0x0 /Applications/MCUXpressoIDE_10.0.2_411/ide/tools/bin/../lib/gcc/arm-none-eabi/5.4.1/../../../../arm-none-eabi/lib/armv7e-m/fpu/libcr_c.a(fseek.o)
 .bss           0x0000000000000000        0x0 /Applications/MCUXpressoIDE_10.0.2_411/ide/tools/bin/../lib/gcc/arm-none-eabi/5.4.1/../../../../arm-none-eabi/lib/armv7e-m/fpu/libcr_c.a(fseek.o)
 .text          0x0000000000000000        0x0 /Applications/MCUXpressoIDE_10.0.2_411/ide/tools/bin/../lib/gcc/arm-none-eabi/5.4.1/../../../../arm-none-eabi/lib/armv7e-m/fpu/libcr_c.a(ftell.o)
 .data          0x0000000000000000        0x0 /Applications/MCUXpressoIDE_10.0.2_411/ide/tools/bin/../lib/gcc/arm-none-eabi/5.4.1/../../../../arm-none-eabi/lib/armv7e-m/fpu/libcr_c.a(ftell.o)
 .bss           0x0000000000000000        0x0 /Applications/MCUXpressoIDE_10.0.2_411/ide/tools/bin/../lib/gcc/arm-none-eabi/5.4.1/../../../../arm-none-eabi/lib/armv7e-m/fpu/libcr_c.a(ftell.o)
 .text          0x0000000000000000        0x0 /Applications/MCUXpressoIDE_10.0.2_411/ide/tools/bin/../lib/gcc/arm-none-eabi/5.4.1/../../../../arm-none-eabi/lib/armv7e-m/fpu/libcr_c.a(remove.o)
 .data          0x0000000000000000        0x0 /Applications/MCUXpressoIDE_10.0.2_411/ide/tools/bin/../lib/gcc/arm-none-eabi/5.4.1/../../../../arm-none-eabi/lib/armv7e-m/fpu/libcr_c.a(remove.o)
 .bss           0x0000000000000000        0x0 /Applications/MCUXpressoIDE_10.0.2_411/ide/tools/bin/../lib/gcc/arm-none-eabi/5.4.1/../../../../arm-none-eabi/lib/armv7e-m/fpu/libcr_c.a(remove.o)
 .text.rename   0x0000000000000000       0x28 /Applications/MCUXpressoIDE_10.0.2_411/ide/tools/bin/../lib/gcc/arm-none-eabi/5.4.1/../../../../arm-none-eabi/lib/armv7e-m/fpu/libcr_c.a(remove.o)
 .text          0x0000000000000000        0x0 /Applications/MCUXpressoIDE_10.0.2_411/ide/tools/bin/../lib/gcc/arm-none-eabi/5.4.1/../../../../arm-none-eabi/lib/armv7e-m/fpu/libcr_c.a(strlen.o)
 .data          0x0000000000000000        0x0 /Applications/MCUXpressoIDE_10.0.2_411/ide/tools/bin/../lib/gcc/arm-none-eabi/5.4.1/../../../../arm-none-eabi/lib/armv7e-m/fpu/libcr_c.a(strlen.o)
 .bss           0x0000000000000000        0x0 /Applications/MCUXpressoIDE_10.0.2_411/ide/tools/bin/../lib/gcc/arm-none-eabi/5.4.1/../../../../arm-none-eabi/lib/armv7e-m/fpu/libcr_c.a(strlen.o)
 .text          0x0000000000000000        0x0 /Applications/MCUXpressoIDE_10.0.2_411/ide/tools/bin/../lib/gcc/arm-none-eabi/5.4.1/../../../../arm-none-eabi/lib/armv7e-m/fpu/libcr_c.a(memset.o)
 .data          0x0000000000000000        0x0 /Applications/MCUXpressoIDE_10.0.2_411/ide/tools/bin/../lib/gcc/arm-none-eabi/5.4.1/../../../../arm-none-eabi/lib/armv7e-m/fpu/libcr_c.a(memset.o)
 .bss           0x0000000000000000        0x0 /Applications/MCUXpressoIDE_10.0.2_411/ide/tools/bin/../lib/gcc/arm-none-eabi/5.4.1/../../../../arm-none-eabi/lib/armv7e-m/fpu/libcr_c.a(memset.o)
 .text          0x0000000000000000        0x0 /Applications/MCUXpressoIDE_10.0.2_411/ide/tools/bin/../lib/gcc/arm-none-eabi/5.4.1/../../../../arm-none-eabi/lib/armv7e-m/fpu/libcr_c.a(_do_fflush.o)
 .data          0x0000000000000000        0x0 /Applications/MCUXpressoIDE_10.0.2_411/ide/tools/bin/../lib/gcc/arm-none-eabi/5.4.1/../../../../arm-none-eabi/lib/armv7e-m/fpu/libcr_c.a(_do_fflush.o)
 .bss           0x0000000000000000        0x0 /Applications/MCUXpressoIDE_10.0.2_411/ide/tools/bin/../lib/gcc/arm-none-eabi/5.4.1/../../../../arm-none-eabi/lib/armv7e-m/fpu/libcr_c.a(_do_fflush.o)
 .text          0x0000000000000000        0x0 /Applications/MCUXpressoIDE_10.0.2_411/ide/tools/bin/../lib/gcc/arm-none-eabi/5.4.1/../../../../arm-none-eabi/lib/armv7e-m/fpu/libcr_c.a(_fflush.o)
 .data          0x0000000000000000        0x0 /Applications/MCUXpressoIDE_10.0.2_411/ide/tools/bin/../lib/gcc/arm-none-eabi/5.4.1/../../../../arm-none-eabi/lib/armv7e-m/fpu/libcr_c.a(_fflush.o)
 .bss           0x0000000000000000        0x0 /Applications/MCUXpressoIDE_10.0.2_411/ide/tools/bin/../lib/gcc/arm-none-eabi/5.4.1/../../../../arm-none-eabi/lib/armv7e-m/fpu/libcr_c.a(_fflush.o)
 .text          0x0000000000000000        0x0 /Applications/MCUXpressoIDE_10.0.2_411/ide/tools/bin/../lib/gcc/arm-none-eabi/5.4.1/../../../../arm-none-eabi/lib/armv7e-m/fpu/libcr_c.a(_writebuf.o)
 .data          0x0000000000000000        0x0 /Applications/MCUXpressoIDE_10.0.2_411/ide/tools/bin/../lib/gcc/arm-none-eabi/5.4.1/../../../../arm-none-eabi/lib/armv7e-m/fpu/libcr_c.a(_writebuf.o)
 .bss           0x0000000000000000        0x0 /Applications/MCUXpressoIDE_10.0.2_411/ide/tools/bin/../lib/gcc/arm-none-eabi/5.4.1/../../../../arm-none-eabi/lib/armv7e-m/fpu/libcr_c.a(_writebuf.o)
 .text          0x0000000000000000        0x0 /Applications/MCUXpressoIDE_10.0.2_411/ide/tools/bin/../lib/gcc/arm-none-eabi/5.4.1/../../../../arm-none-eabi/lib/armv7e-m/fpu/libcr_c.a(alloc.o)
 .data          0x0000000000000000        0x0 /Applications/MCUXpressoIDE_10.0.2_411/ide/tools/bin/../lib/gcc/arm-none-eabi/5.4.1/../../../../arm-none-eabi/lib/armv7e-m/fpu/libcr_c.a(alloc.o)
 .bss           0x0000000000000000        0x0 /Applications/MCUXpressoIDE_10.0.2_411/ide/tools/bin/../lib/gcc/arm-none-eabi/5.4.1/../../../../arm-none-eabi/lib/armv7e-m/fpu/libcr_c.a(alloc.o)
 .text.malloc   0x0000000000000000       0xc8 /Applications/MCUXpressoIDE_10.0.2_411/ide/tools/bin/../lib/gcc/arm-none-eabi/5.4.1/../../../../arm-none-eabi/lib/armv7e-m/fpu/libcr_c.a(alloc.o)
 .text.calloc   0x0000000000000000       0x50 /Applications/MCUXpressoIDE_10.0.2_411/ide/tools/bin/../lib/gcc/arm-none-eabi/5.4.1/../../../../arm-none-eabi/lib/armv7e-m/fpu/libcr_c.a(alloc.o)
 .text._Csys_alloc
                0x0000000000000000       0x20 /Applications/MCUXpressoIDE_10.0.2_411/ide/tools/bin/../lib/gcc/arm-none-eabi/5.4.1/../../../../arm-none-eabi/lib/armv7e-m/fpu/libcr_c.a(alloc.o)
 .text.realloc  0x0000000000000000       0x24 /Applications/MCUXpressoIDE_10.0.2_411/ide/tools/bin/../lib/gcc/arm-none-eabi/5.4.1/../../../../arm-none-eabi/lib/armv7e-m/fpu/libcr_c.a(alloc.o)
 .rodata.str1.1
                0x0000000000000000       0x18 /Applications/MCUXpressoIDE_10.0.2_411/ide/tools/bin/../lib/gcc/arm-none-eabi/5.4.1/../../../../arm-none-eabi/lib/armv7e-m/fpu/libcr_c.a(alloc.o)
 .text          0x0000000000000000        0x0 /Applications/MCUXpressoIDE_10.0.2_411/ide/tools/bin/../lib/gcc/arm-none-eabi/5.4.1/../../../../arm-none-eabi/lib/armv7e-m/fpu/libcr_c.a(errno.o)
 .data          0x0000000000000000        0x0 /Applications/MCUXpressoIDE_10.0.2_411/ide/tools/bin/../lib/gcc/arm-none-eabi/5.4.1/../../../../arm-none-eabi/lib/armv7e-m/fpu/libcr_c.a(errno.o)
 .bss           0x0000000000000000        0x0 /Applications/MCUXpressoIDE_10.0.2_411/ide/tools/bin/../lib/gcc/arm-none-eabi/5.4.1/../../../../arm-none-eabi/lib/armv7e-m/fpu/libcr_c.a(errno.o)
 .text          0x0000000000000000        0x0 /Applications/MCUXpressoIDE_10.0.2_411/ide/tools/bin/../lib/gcc/arm-none-eabi/5.4.1/../../../../arm-none-eabi/lib/armv7e-m/fpu/libcr_c.a(memcpy.o)
 .data          0x0000000000000000        0x0 /Applications/MCUXpressoIDE_10.0.2_411/ide/tools/bin/../lib/gcc/arm-none-eabi/5.4.1/../../../../arm-none-eabi/lib/armv7e-m/fpu/libcr_c.a(memcpy.o)
 .bss           0x0000000000000000        0x0 /Applications/MCUXpressoIDE_10.0.2_411/ide/tools/bin/../lib/gcc/arm-none-eabi/5.4.1/../../../../arm-none-eabi/lib/armv7e-m/fpu/libcr_c.a(memcpy.o)
 .text.memcpy   0x0000000000000000        0x4 /Applications/MCUXpressoIDE_10.0.2_411/ide/tools/bin/../lib/gcc/arm-none-eabi/5.4.1/../../../../arm-none-eabi/lib/armv7e-m/fpu/libcr_c.a(memcpy.o)
 .comment       0x0000000000000000       0x6f /Applications/MCUXpressoIDE_10.0.2_411/ide/tools/bin/../lib/gcc/arm-none-eabi/5.4.1/../../../../arm-none-eabi/lib/armv7e-m/fpu/libcr_c.a(memcpy.o)
 .ARM.attributes
                0x0000000000000000       0x39 /Applications/MCUXpressoIDE_10.0.2_411/ide/tools/bin/../lib/gcc/arm-none-eabi/5.4.1/../../../../arm-none-eabi/lib/armv7e-m/fpu/libcr_c.a(memcpy.o)
 .text          0x0000000000000000        0x0 /Applications/MCUXpressoIDE_10.0.2_411/ide/tools/bin/../lib/gcc/arm-none-eabi/5.4.1/../../../../arm-none-eabi/lib/armv7e-m/fpu/libcr_c.a(__init_alloc.o)
 .data          0x0000000000000000        0x0 /Applications/MCUXpressoIDE_10.0.2_411/ide/tools/bin/../lib/gcc/arm-none-eabi/5.4.1/../../../../arm-none-eabi/lib/armv7e-m/fpu/libcr_c.a(__init_alloc.o)
 .bss           0x0000000000000000        0x0 /Applications/MCUXpressoIDE_10.0.2_411/ide/tools/bin/../lib/gcc/arm-none-eabi/5.4.1/../../../../arm-none-eabi/lib/armv7e-m/fpu/libcr_c.a(__init_alloc.o)
 .text._init_alloc
                0x0000000000000000       0x14 /Applications/MCUXpressoIDE_10.0.2_411/ide/tools/bin/../lib/gcc/arm-none-eabi/5.4.1/../../../../arm-none-eabi/lib/armv7e-m/fpu/libcr_c.a(__init_alloc.o)
 .bss.__heaps   0x0000000000000000        0x4 /Applications/MCUXpressoIDE_10.0.2_411/ide/tools/bin/../lib/gcc/arm-none-eabi/5.4.1/../../../../arm-none-eabi/lib/armv7e-m/fpu/libcr_c.a(__init_alloc.o)
 .bss.__end_of_heap
                0x0000000000000000        0x4 /Applications/MCUXpressoIDE_10.0.2_411/ide/tools/bin/../lib/gcc/arm-none-eabi/5.4.1/../../../../arm-none-eabi/lib/armv7e-m/fpu/libcr_c.a(__init_alloc.o)
 .comment       0x0000000000000000       0x6f /Applications/MCUXpressoIDE_10.0.2_411/ide/tools/bin/../lib/gcc/arm-none-eabi/5.4.1/../../../../arm-none-eabi/lib/armv7e-m/fpu/libcr_c.a(__init_alloc.o)
 .ARM.attributes
                0x0000000000000000       0x39 /Applications/MCUXpressoIDE_10.0.2_411/ide/tools/bin/../lib/gcc/arm-none-eabi/5.4.1/../../../../arm-none-eabi/lib/armv7e-m/fpu/libcr_c.a(__init_alloc.o)
 .text          0x0000000000000000        0x0 /Applications/MCUXpressoIDE_10.0.2_411/ide/tools/bin/../lib/gcc/arm-none-eabi/5.4.1/../../../../arm-none-eabi/lib/armv7e-m/fpu/libcr_c.a(_cr_sbrk.o)
 .data          0x0000000000000000        0x0 /Applications/MCUXpressoIDE_10.0.2_411/ide/tools/bin/../lib/gcc/arm-none-eabi/5.4.1/../../../../arm-none-eabi/lib/armv7e-m/fpu/libcr_c.a(_cr_sbrk.o)
 .bss           0x0000000000000000        0x0 /Applications/MCUXpressoIDE_10.0.2_411/ide/tools/bin/../lib/gcc/arm-none-eabi/5.4.1/../../../../arm-none-eabi/lib/armv7e-m/fpu/libcr_c.a(_cr_sbrk.o)
 .text._sbrk    0x0000000000000000       0x40 /Applications/MCUXpressoIDE_10.0.2_411/ide/tools/bin/../lib/gcc/arm-none-eabi/5.4.1/../../../../arm-none-eabi/lib/armv7e-m/fpu/libcr_c.a(_cr_sbrk.o)
 .comment       0x0000000000000000       0x6f /Applications/MCUXpressoIDE_10.0.2_411/ide/tools/bin/../lib/gcc/arm-none-eabi/5.4.1/../../../../arm-none-eabi/lib/armv7e-m/fpu/libcr_c.a(_cr_sbrk.o)
 .ARM.attributes
                0x0000000000000000       0x39 /Applications/MCUXpressoIDE_10.0.2_411/ide/tools/bin/../lib/gcc/arm-none-eabi/5.4.1/../../../../arm-none-eabi/lib/armv7e-m/fpu/libcr_c.a(_cr_sbrk.o)
 .text          0x0000000000000000        0x0 /Applications/MCUXpressoIDE_10.0.2_411/ide/tools/bin/../lib/gcc/arm-none-eabi/5.4.1/../../../../arm-none-eabi/lib/armv7e-m/fpu/libcr_c.a(_deferredlazyseek.o)
 .data          0x0000000000000000        0x0 /Applications/MCUXpressoIDE_10.0.2_411/ide/tools/bin/../lib/gcc/arm-none-eabi/5.4.1/../../../../arm-none-eabi/lib/armv7e-m/fpu/libcr_c.a(_deferredlazyseek.o)
 .bss           0x0000000000000000        0x0 /Applications/MCUXpressoIDE_10.0.2_411/ide/tools/bin/../lib/gcc/arm-none-eabi/5.4.1/../../../../arm-none-eabi/lib/armv7e-m/fpu/libcr_c.a(_deferredlazyseek.o)
 .text.__flsbuf
                0x0000000000000000      0x13e /Applications/MCUXpressoIDE_10.0.2_411/ide/tools/bin/../lib/gcc/arm-none-eabi/5.4.1/../../../../arm-none-eabi/lib/armv7e-m/fpu/libcr_c.a(_deferredlazyseek.o)
 .text          0x0000000000000000        0x0 /Applications/MCUXpressoIDE_10.0.2_411/ide/tools/bin/../lib/gcc/arm-none-eabi/5.4.1/../../../../arm-none-eabi/lib/armv7e-m/fpu/libcr_c.a(_cr_check_heap.o)
 .data          0x0000000000000000        0x0 /Applications/MCUXpressoIDE_10.0.2_411/ide/tools/bin/../lib/gcc/arm-none-eabi/5.4.1/../../../../arm-none-eabi/lib/armv7e-m/fpu/libcr_c.a(_cr_check_heap.o)
 .bss           0x0000000000000000        0x0 /Applications/MCUXpressoIDE_10.0.2_411/ide/tools/bin/../lib/gcc/arm-none-eabi/5.4.1/../../../../arm-none-eabi/lib/armv7e-m/fpu/libcr_c.a(_cr_check_heap.o)
 .text.__check_heap_overflow
                0x0000000000000000       0x18 /Applications/MCUXpressoIDE_10.0.2_411/ide/tools/bin/../lib/gcc/arm-none-eabi/5.4.1/../../../../arm-none-eabi/lib/armv7e-m/fpu/libcr_c.a(_cr_check_heap.o)
 .comment       0x0000000000000000       0x6f /Applications/MCUXpressoIDE_10.0.2_411/ide/tools/bin/../lib/gcc/arm-none-eabi/5.4.1/../../../../arm-none-eabi/lib/armv7e-m/fpu/libcr_c.a(_cr_check_heap.o)
 .ARM.attributes
                0x0000000000000000       0x39 /Applications/MCUXpressoIDE_10.0.2_411/ide/tools/bin/../lib/gcc/arm-none-eabi/5.4.1/../../../../arm-none-eabi/lib/armv7e-m/fpu/libcr_c.a(_cr_check_heap.o)
 .text          0x0000000000000000        0x0 /Applications/MCUXpressoIDE_10.0.2_411/ide/tools/bin/../lib/gcc/arm-none-eabi/5.4.1/armv7e-m/fpu/libcr_eabihelpers.a(memcpy.o)
 .data          0x0000000000000000        0x0 /Applications/MCUXpressoIDE_10.0.2_411/ide/tools/bin/../lib/gcc/arm-none-eabi/5.4.1/armv7e-m/fpu/libcr_eabihelpers.a(memcpy.o)
 .bss           0x0000000000000000        0x0 /Applications/MCUXpressoIDE_10.0.2_411/ide/tools/bin/../lib/gcc/arm-none-eabi/5.4.1/armv7e-m/fpu/libcr_eabihelpers.a(memcpy.o)
 .text.__aeabi_memcpy
                0x0000000000000000       0x34 /Applications/MCUXpressoIDE_10.0.2_411/ide/tools/bin/../lib/gcc/arm-none-eabi/5.4.1/armv7e-m/fpu/libcr_eabihelpers.a(memcpy.o)
 .text.__aeabi_memmove
                0x0000000000000000       0x1c /Applications/MCUXpressoIDE_10.0.2_411/ide/tools/bin/../lib/gcc/arm-none-eabi/5.4.1/armv7e-m/fpu/libcr_eabihelpers.a(memcpy.o)
 .text.__aeabi_memclr
                0x0000000000000000        0x8 /Applications/MCUXpressoIDE_10.0.2_411/ide/tools/bin/../lib/gcc/arm-none-eabi/5.4.1/armv7e-m/fpu/libcr_eabihelpers.a(memcpy.o)
 .text.__aeabi_memset
                0x0000000000000000        0xa /Applications/MCUXpressoIDE_10.0.2_411/ide/tools/bin/../lib/gcc/arm-none-eabi/5.4.1/armv7e-m/fpu/libcr_eabihelpers.a(memcpy.o)
 .text          0x0000000000000000        0x0 /Applications/MCUXpressoIDE_10.0.2_411/ide/tools/bin/../lib/gcc/arm-none-eabi/5.4.1/../../../../arm-none-eabi/lib/armv7e-m/fpu/libcr_semihost_nf.a(__ciob.o)
 .data          0x0000000000000000        0x0 /Applications/MCUXpressoIDE_10.0.2_411/ide/tools/bin/../lib/gcc/arm-none-eabi/5.4.1/../../../../arm-none-eabi/lib/armv7e-m/fpu/libcr_semihost_nf.a(__ciob.o)
 .bss           0x0000000000000000        0x0 /Applications/MCUXpressoIDE_10.0.2_411/ide/tools/bin/../lib/gcc/arm-none-eabi/5.4.1/../../../../arm-none-eabi/lib/armv7e-m/fpu/libcr_semihost_nf.a(__ciob.o)
 .text          0x0000000000000000        0x0 /Applications/MCUXpressoIDE_10.0.2_411/ide/tools/bin/../lib/gcc/arm-none-eabi/5.4.1/../../../../arm-none-eabi/lib/armv7e-m/fpu/libcr_semihost_nf.a(__sys_appexit.o)
 .data          0x0000000000000000        0x0 /Applications/MCUXpressoIDE_10.0.2_411/ide/tools/bin/../lib/gcc/arm-none-eabi/5.4.1/../../../../arm-none-eabi/lib/armv7e-m/fpu/libcr_semihost_nf.a(__sys_appexit.o)
 .bss           0x0000000000000000        0x0 /Applications/MCUXpressoIDE_10.0.2_411/ide/tools/bin/../lib/gcc/arm-none-eabi/5.4.1/../../../../arm-none-eabi/lib/armv7e-m/fpu/libcr_semihost_nf.a(__sys_appexit.o)
 .text.__sys_appexit
                0x0000000000000000        0xc /Applications/MCUXpressoIDE_10.0.2_411/ide/tools/bin/../lib/gcc/arm-none-eabi/5.4.1/../../../../arm-none-eabi/lib/armv7e-m/fpu/libcr_semihost_nf.a(__sys_appexit.o)
 .ARM.attributes
                0x0000000000000000       0x25 /Applications/MCUXpressoIDE_10.0.2_411/ide/tools/bin/../lib/gcc/arm-none-eabi/5.4.1/../../../../arm-none-eabi/lib/armv7e-m/fpu/libcr_semihost_nf.a(__sys_appexit.o)
 .text          0x0000000000000000        0x0 /Applications/MCUXpressoIDE_10.0.2_411/ide/tools/bin/../lib/gcc/arm-none-eabi/5.4.1/../../../../arm-none-eabi/lib/armv7e-m/fpu/libcr_semihost_nf.a(__sys_close.o)
 .data          0x0000000000000000        0x0 /Applications/MCUXpressoIDE_10.0.2_411/ide/tools/bin/../lib/gcc/arm-none-eabi/5.4.1/../../../../arm-none-eabi/lib/armv7e-m/fpu/libcr_semihost_nf.a(__sys_close.o)
 .bss           0x0000000000000000        0x0 /Applications/MCUXpressoIDE_10.0.2_411/ide/tools/bin/../lib/gcc/arm-none-eabi/5.4.1/../../../../arm-none-eabi/lib/armv7e-m/fpu/libcr_semihost_nf.a(__sys_close.o)
 .text          0x0000000000000000        0x0 /Applications/MCUXpressoIDE_10.0.2_411/ide/tools/bin/../lib/gcc/arm-none-eabi/5.4.1/../../../../arm-none-eabi/lib/armv7e-m/fpu/libcr_semihost_nf.a(__sys_flen.o)
 .data          0x0000000000000000        0x0 /Applications/MCUXpressoIDE_10.0.2_411/ide/tools/bin/../lib/gcc/arm-none-eabi/5.4.1/../../../../arm-none-eabi/lib/armv7e-m/fpu/libcr_semihost_nf.a(__sys_flen.o)
 .bss           0x0000000000000000        0x0 /Applications/MCUXpressoIDE_10.0.2_411/ide/tools/bin/../lib/gcc/arm-none-eabi/5.4.1/../../../../arm-none-eabi/lib/armv7e-m/fpu/libcr_semihost_nf.a(__sys_flen.o)
 .text          0x0000000000000000        0x0 /Applications/MCUXpressoIDE_10.0.2_411/ide/tools/bin/../lib/gcc/arm-none-eabi/5.4.1/../../../../arm-none-eabi/lib/armv7e-m/fpu/libcr_semihost_nf.a(__sys_istty.o)
 .data          0x0000000000000000        0x0 /Applications/MCUXpressoIDE_10.0.2_411/ide/tools/bin/../lib/gcc/arm-none-eabi/5.4.1/../../../../arm-none-eabi/lib/armv7e-m/fpu/libcr_semihost_nf.a(__sys_istty.o)
 .bss           0x0000000000000000        0x0 /Applications/MCUXpressoIDE_10.0.2_411/ide/tools/bin/../lib/gcc/arm-none-eabi/5.4.1/../../../../arm-none-eabi/lib/armv7e-m/fpu/libcr_semihost_nf.a(__sys_istty.o)
 .text          0x0000000000000000        0x0 /Applications/MCUXpressoIDE_10.0.2_411/ide/tools/bin/../lib/gcc/arm-none-eabi/5.4.1/../../../../arm-none-eabi/lib/armv7e-m/fpu/libcr_semihost_nf.a(__sys_remove.o)
 .data          0x0000000000000000        0x0 /Applications/MCUXpressoIDE_10.0.2_411/ide/tools/bin/../lib/gcc/arm-none-eabi/5.4.1/../../../../arm-none-eabi/lib/armv7e-m/fpu/libcr_semihost_nf.a(__sys_remove.o)
 .bss           0x0000000000000000        0x0 /Applications/MCUXpressoIDE_10.0.2_411/ide/tools/bin/../lib/gcc/arm-none-eabi/5.4.1/../../../../arm-none-eabi/lib/armv7e-m/fpu/libcr_semihost_nf.a(__sys_remove.o)
 .text          0x0000000000000000        0x0 /Applications/MCUXpressoIDE_10.0.2_411/ide/tools/bin/../lib/gcc/arm-none-eabi/5.4.1/../../../../arm-none-eabi/lib/armv7e-m/fpu/libcr_semihost_nf.a(__sys_rename.o)
 .data          0x0000000000000000        0x0 /Applications/MCUXpressoIDE_10.0.2_411/ide/tools/bin/../lib/gcc/arm-none-eabi/5.4.1/../../../../arm-none-eabi/lib/armv7e-m/fpu/libcr_semihost_nf.a(__sys_rename.o)
 .bss           0x0000000000000000        0x0 /Applications/MCUXpressoIDE_10.0.2_411/ide/tools/bin/../lib/gcc/arm-none-eabi/5.4.1/../../../../arm-none-eabi/lib/armv7e-m/fpu/libcr_semihost_nf.a(__sys_rename.o)
 .text.__sys_rename
                0x0000000000000000        0xc /Applications/MCUXpressoIDE_10.0.2_411/ide/tools/bin/../lib/gcc/arm-none-eabi/5.4.1/../../../../arm-none-eabi/lib/armv7e-m/fpu/libcr_semihost_nf.a(__sys_rename.o)
 .ARM.attributes
                0x0000000000000000       0x25 /Applications/MCUXpressoIDE_10.0.2_411/ide/tools/bin/../lib/gcc/arm-none-eabi/5.4.1/../../../../arm-none-eabi/lib/armv7e-m/fpu/libcr_semihost_nf.a(__sys_rename.o)
 .text          0x0000000000000000        0x0 /Applications/MCUXpressoIDE_10.0.2_411/ide/tools/bin/../lib/gcc/arm-none-eabi/5.4.1/../../../../arm-none-eabi/lib/armv7e-m/fpu/libcr_semihost_nf.a(__sys_seek.o)
 .data          0x0000000000000000        0x0 /Applications/MCUXpressoIDE_10.0.2_411/ide/tools/bin/../lib/gcc/arm-none-eabi/5.4.1/../../../../arm-none-eabi/lib/armv7e-m/fpu/libcr_semihost_nf.a(__sys_seek.o)
 .bss           0x0000000000000000        0x0 /Applications/MCUXpressoIDE_10.0.2_411/ide/tools/bin/../lib/gcc/arm-none-eabi/5.4.1/../../../../arm-none-eabi/lib/armv7e-m/fpu/libcr_semihost_nf.a(__sys_seek.o)
 .text          0x0000000000000000        0x0 /Applications/MCUXpressoIDE_10.0.2_411/ide/tools/bin/../lib/gcc/arm-none-eabi/5.4.1/../../../../arm-none-eabi/lib/armv7e-m/fpu/libcr_semihost_nf.a(__sys_tmpnam.o)
 .data          0x0000000000000000        0x0 /Applications/MCUXpressoIDE_10.0.2_411/ide/tools/bin/../lib/gcc/arm-none-eabi/5.4.1/../../../../arm-none-eabi/lib/armv7e-m/fpu/libcr_semihost_nf.a(__sys_tmpnam.o)
 .bss           0x0000000000000000        0x0 /Applications/MCUXpressoIDE_10.0.2_411/ide/tools/bin/../lib/gcc/arm-none-eabi/5.4.1/../../../../arm-none-eabi/lib/armv7e-m/fpu/libcr_semihost_nf.a(__sys_tmpnam.o)
 .text          0x0000000000000000        0x0 /Applications/MCUXpressoIDE_10.0.2_411/ide/tools/bin/../lib/gcc/arm-none-eabi/5.4.1/../../../../arm-none-eabi/lib/armv7e-m/fpu/libcr_semihost_nf.a(__sys_write.o)
 .data          0x0000000000000000        0x0 /Applications/MCUXpressoIDE_10.0.2_411/ide/tools/bin/../lib/gcc/arm-none-eabi/5.4.1/../../../../arm-none-eabi/lib/armv7e-m/fpu/libcr_semihost_nf.a(__sys_write.o)
 .bss           0x0000000000000000        0x0 /Applications/MCUXpressoIDE_10.0.2_411/ide/tools/bin/../lib/gcc/arm-none-eabi/5.4.1/../../../../arm-none-eabi/lib/armv7e-m/fpu/libcr_semihost_nf.a(__sys_write.o)

Memory Configuration

Name             Origin             Length             Attributes
PROGRAM_FLASH    0x0000000000000000 0x0000000000100000 xr
SRAM_UPPER       0x0000000020000000 0x0000000000030000 xrw
SRAM_LOWER       0x000000001fff0000 0x0000000000010000 xrw
FLEX_RAM         0x0000000014000000 0x0000000000001000 xrw
*default*        0x0000000000000000 0xffffffffffffffff

Linker script and memory map

LOAD ./startup/startup_mk64f12.o
LOAD ./source/GPIO.o
LOAD ./source/main.o
LOAD ./source/pushButton.o
LOAD ./CMSIS/system_MK64F12.o
START GROUP
LOAD /Applications/MCUXpressoIDE_10.0.2_411/ide/tools/bin/../lib/gcc/arm-none-eabi/5.4.1/../../../../arm-none-eabi/lib/armv7e-m/fpu/libcr_semihost_nf.a
LOAD /Applications/MCUXpressoIDE_10.0.2_411/ide/tools/bin/../lib/gcc/arm-none-eabi/5.4.1/../../../../arm-none-eabi/lib/armv7e-m/fpu/libcr_c.a
LOAD /Applications/MCUXpressoIDE_10.0.2_411/ide/tools/bin/../lib/gcc/arm-none-eabi/5.4.1/armv7e-m/fpu/libcr_eabihelpers.a
END GROUP
                0x0000000000000000                __base_PROGRAM_FLASH = 0x0
                0x0000000000000000                __base_Flash = 0x0
                0x0000000000100000                __top_PROGRAM_FLASH = 0x100000
                0x0000000000100000                __top_Flash = 0x100000
                0x0000000020000000                __base_SRAM_UPPER = 0x20000000
                0x0000000020000000                __base_RAM = 0x20000000
                0x0000000020030000                __top_SRAM_UPPER = 0x20030000
                0x0000000020030000                __top_RAM = 0x20030000
                0x000000001fff0000                __base_SRAM_LOWER = 0x1fff0000
                0x000000001fff0000                __base_RAM2 = 0x1fff0000
                0x0000000020000000                __top_SRAM_LOWER = 0x20000000
                0x0000000020000000                __top_RAM2 = 0x20000000
                0x0000000014000000                __base_FLEX_RAM = 0x14000000
                0x0000000014000000                __base_RAM3 = 0x14000000
                0x0000000014001000                __top_FLEX_RAM = 0x14001000
                0x0000000014001000                __top_RAM3 = 0x14001000

.text           0x0000000000000000      0xc88
 FILL mask 0xff
                0x0000000000000000                __vectors_start__ = ABSOLUTE (.)
 *(.isr_vector)
 .isr_vector    0x0000000000000000      0x198 ./startup/startup_mk64f12.o
                0x0000000000000000                __Vectors
                0x0000000000000000                g_pfnVectors
                0x0000000000000198                . = ALIGN (0x4)
                0x0000000000000198                __section_table_start = .
                0x0000000000000198                __data_section_table = .
                0x0000000000000198        0x4 LONG 0xc88 LOADADDR (.data)
                0x000000000000019c        0x4 LONG 0x20000000 ADDR (.data)
                0x00000000000001a0        0x4 LONG 0x0 SIZEOF (.data)
                0x00000000000001a4        0x4 LONG 0xc88 LOADADDR (.data_RAM2)
                0x00000000000001a8        0x4 LONG 0x1fff0000 ADDR (.data_RAM2)
                0x00000000000001ac        0x4 LONG 0x0 SIZEOF (.data_RAM2)
                0x00000000000001b0        0x4 LONG 0xc88 LOADADDR (.data_RAM3)
                0x00000000000001b4        0x4 LONG 0x14000000 ADDR (.data_RAM3)
                0x00000000000001b8        0x4 LONG 0x0 SIZEOF (.data_RAM3)
                0x00000000000001bc                __data_section_table_end = .
                0x00000000000001bc                __bss_section_table = .
                0x00000000000001bc        0x4 LONG 0x20000000 ADDR (.bss)
                0x00000000000001c0        0x4 LONG 0xb8 SIZEOF (.bss)
                0x00000000000001c4        0x4 LONG 0x1fff0000 ADDR (.bss_RAM2)
                0x00000000000001c8        0x4 LONG 0x0 SIZEOF (.bss_RAM2)
                0x00000000000001cc        0x4 LONG 0x14000000 ADDR (.bss_RAM3)
                0x00000000000001d0        0x4 LONG 0x0 SIZEOF (.bss_RAM3)
                0x00000000000001d4                __bss_section_table_end = .
                0x00000000000001d4                __section_table_end = .
 *(.after_vectors*)
 .after_vectors.init_data
                0x00000000000001d4       0x1c ./startup/startup_mk64f12.o
                0x00000000000001d4                data_init
 .after_vectors.init_bss
                0x00000000000001f0       0x14 ./startup/startup_mk64f12.o
                0x00000000000001f0                bss_init
 .after_vectors.reset
                0x0000000000000204       0x4c ./startup/startup_mk64f12.o
                0x0000000000000204                ResetISR
 .after_vectors
                0x0000000000000250       0x28 ./startup/startup_mk64f12.o
                0x0000000000000250                NMI_Handler
                0x0000000000000254                HardFault_Handler
                0x0000000000000258                MemManage_Handler
                0x000000000000025c                BusFault_Handler
                0x0000000000000260                UsageFault_Handler
                0x0000000000000264                SVC_Handler
                0x0000000000000268                DebugMon_Handler
                0x000000000000026c                PendSV_Handler
                0x0000000000000270                SysTick_Handler
                0x0000000000000274                PIT2_DriverIRQHandler
                0x0000000000000274                SDHC_DriverIRQHandler
                0x0000000000000274                I2S0_Tx_DriverIRQHandler
                0x0000000000000274                RTC_Seconds_DriverIRQHandler
                0x0000000000000274                DMA6_DriverIRQHandler
                0x0000000000000274                LLWU_DriverIRQHandler
                0x0000000000000274                MCM_DriverIRQHandler
                0x0000000000000274                MCG_DriverIRQHandler
                0x0000000000000274                ENET_1588_Timer_DriverIRQHandler
                0x0000000000000274                I2C2_DriverIRQHandler
                0x0000000000000274                DAC1_DriverIRQHandler
                0x0000000000000274                CMP1_DriverIRQHandler
                0x0000000000000274                UART5_RX_TX_DriverIRQHandler
                0x0000000000000274                FTM0_DriverIRQHandler
                0x0000000000000274                IntDefaultHandler
                0x0000000000000274                USB0_DriverIRQHandler
                0x0000000000000274                UART5_ERR_DriverIRQHandler
                0x0000000000000274                PORTC_DriverIRQHandler
                0x0000000000000274                DMA11_DriverIRQHandler
                0x0000000000000274                DAC0_DriverIRQHandler
                0x0000000000000274                DMA10_DriverIRQHandler
                0x0000000000000274                CMP2_DriverIRQHandler
                0x0000000000000274                UART2_ERR_DriverIRQHandler
                0x0000000000000274                SPI2_DriverIRQHandler
                0x0000000000000274                LVD_LVW_DriverIRQHandler
                0x0000000000000274                PIT0_DriverIRQHandler
                0x0000000000000274                RNG_DriverIRQHandler
                0x0000000000000274                DMA5_DriverIRQHandler
                0x0000000000000274                DMA4_DriverIRQHandler
                0x0000000000000274                UART2_RX_TX_DriverIRQHandler
                0x0000000000000274                USBDCD_DriverIRQHandler
                0x0000000000000274                UART3_ERR_DriverIRQHandler
                0x0000000000000274                DMA3_DriverIRQHandler
                0x0000000000000274                DMA8_DriverIRQHandler
                0x0000000000000274                DMA9_DriverIRQHandler
                0x0000000000000274                UART0_ERR_DriverIRQHandler
                0x0000000000000274                CMT_DriverIRQHandler
                0x0000000000000274                Reserved71_DriverIRQHandler
                0x0000000000000274                ADC1_DriverIRQHandler
                0x0000000000000274                PORTA_DriverIRQHandler
                0x0000000000000274                DMA14_DriverIRQHandler
                0x0000000000000274                PIT3_DriverIRQHandler
                0x0000000000000274                PIT1_DriverIRQHandler
                0x0000000000000274                WDOG_EWM_DriverIRQHandler
                0x0000000000000274                PDB0_DriverIRQHandler
                0x0000000000000274                RTC_DriverIRQHandler
                0x0000000000000274                I2S0_Rx_DriverIRQHandler
                0x0000000000000274                Read_Collision_DriverIRQHandler
                0x0000000000000274                SWI_DriverIRQHandler
                0x0000000000000274                UART4_RX_TX_DriverIRQHandler
                0x0000000000000274                UART4_ERR_DriverIRQHandler
                0x0000000000000274                UART0_LON_DriverIRQHandler
                0x0000000000000274                DMA1_DriverIRQHandler
                0x0000000000000274                I2C1_DriverIRQHandler
                0x0000000000000274                UART3_RX_TX_DriverIRQHandler
                0x0000000000000274                ENET_Receive_DriverIRQHandler
                0x0000000000000274                DMA13_DriverIRQHandler
                0x0000000000000274                ENET_Error_DriverIRQHandler
                0x0000000000000274                DMA15_DriverIRQHandler
                0x0000000000000274                UART0_RX_TX_DriverIRQHandler
                0x0000000000000274                SPI0_DriverIRQHandler
                0x0000000000000274                ADC0_DriverIRQHandler
                0x0000000000000274                CMP0_DriverIRQHandler
                0x0000000000000274                CAN0_DriverIRQHandler
                0x0000000000000274                FTM3_DriverIRQHandler
                0x0000000000000274                UART1_ERR_DriverIRQHandler
                0x0000000000000274                DMA2_DriverIRQHandler
                0x0000000000000274                ENET_Transmit_DriverIRQHandler
                0x0000000000000274                PORTD_DriverIRQHandler
                0x0000000000000274                PORTE_DriverIRQHandler
                0x0000000000000274                FTFE_DriverIRQHandler
                0x0000000000000274                I2C0_DriverIRQHandler
                0x0000000000000274                DMA7_DriverIRQHandler
                0x0000000000000274                UART1_RX_TX_DriverIRQHandler
                0x0000000000000274                DMA0_DriverIRQHandler
                0x0000000000000274                PORTB_DriverIRQHandler
                0x0000000000000274                DMA12_DriverIRQHandler
                0x0000000000000274                SPI1_DriverIRQHandler
                0x0000000000000274                LPTMR0_DriverIRQHandler
                0x0000000000000274                DMA_Error_DriverIRQHandler
                0x0000000000000274                FTM1_DriverIRQHandler
                0x0000000000000274                FTM2_DriverIRQHandler
                0x0000000000000400                . = 0x400
 *fill*         0x0000000000000278      0x188 ff
                0x0000000000000400                PROVIDE (__FLASH_CONFIG_START__, .)
 *(.FlashConfig)
 .FlashConfig   0x0000000000000400       0x10 ./startup/startup_mk64f12.o
                0x0000000000000400                Flash_Config
                0x0000000000000410                PROVIDE (__FLASH_CONFIG_END__, .)
                0x0000000000000001                ASSERT (! ((__FLASH_CONFIG_START__ == __FLASH_CONFIG_END__)), Linker Flash Config Support Enabled, but no .FlashConfig section provided within application)
 *(.text*)
 .text.DMA0_IRQHandler
                0x0000000000000410        0x8 ./startup/startup_mk64f12.o
                0x0000000000000410                DMA0_IRQHandler
 .text.DMA1_IRQHandler
                0x0000000000000418        0x8 ./startup/startup_mk64f12.o
                0x0000000000000418                DMA1_IRQHandler
 .text.DMA2_IRQHandler
                0x0000000000000420        0x8 ./startup/startup_mk64f12.o
                0x0000000000000420                DMA2_IRQHandler
 .text.DMA3_IRQHandler
                0x0000000000000428        0x8 ./startup/startup_mk64f12.o
                0x0000000000000428                DMA3_IRQHandler
 .text.DMA4_IRQHandler
                0x0000000000000430        0x8 ./startup/startup_mk64f12.o
                0x0000000000000430                DMA4_IRQHandler
 .text.DMA5_IRQHandler
                0x0000000000000438        0x8 ./startup/startup_mk64f12.o
                0x0000000000000438                DMA5_IRQHandler
 .text.DMA6_IRQHandler
                0x0000000000000440        0x8 ./startup/startup_mk64f12.o
                0x0000000000000440                DMA6_IRQHandler
 .text.DMA7_IRQHandler
                0x0000000000000448        0x8 ./startup/startup_mk64f12.o
                0x0000000000000448                DMA7_IRQHandler
 .text.DMA8_IRQHandler
                0x0000000000000450        0x8 ./startup/startup_mk64f12.o
                0x0000000000000450                DMA8_IRQHandler
 .text.DMA9_IRQHandler
                0x0000000000000458        0x8 ./startup/startup_mk64f12.o
                0x0000000000000458                DMA9_IRQHandler
 .text.DMA10_IRQHandler
                0x0000000000000460        0x8 ./startup/startup_mk64f12.o
                0x0000000000000460                DMA10_IRQHandler
 .text.DMA11_IRQHandler
                0x0000000000000468        0x8 ./startup/startup_mk64f12.o
                0x0000000000000468                DMA11_IRQHandler
 .text.DMA12_IRQHandler
                0x0000000000000470        0x8 ./startup/startup_mk64f12.o
                0x0000000000000470                DMA12_IRQHandler
 .text.DMA13_IRQHandler
                0x0000000000000478        0x8 ./startup/startup_mk64f12.o
                0x0000000000000478                DMA13_IRQHandler
 .text.DMA14_IRQHandler
                0x0000000000000480        0x8 ./startup/startup_mk64f12.o
                0x0000000000000480                DMA14_IRQHandler
 .text.DMA15_IRQHandler
                0x0000000000000488        0x8 ./startup/startup_mk64f12.o
                0x0000000000000488                DMA15_IRQHandler
 .text.DMA_Error_IRQHandler
                0x0000000000000490        0x8 ./startup/startup_mk64f12.o
                0x0000000000000490                DMA_Error_IRQHandler
 .text.MCM_IRQHandler
                0x0000000000000498        0x8 ./startup/startup_mk64f12.o
                0x0000000000000498                MCM_IRQHandler
 .text.FTFE_IRQHandler
                0x00000000000004a0        0x8 ./startup/startup_mk64f12.o
                0x00000000000004a0                FTFE_IRQHandler
 .text.Read_Collision_IRQHandler
                0x00000000000004a8        0x8 ./startup/startup_mk64f12.o
                0x00000000000004a8                Read_Collision_IRQHandler
 .text.LVD_LVW_IRQHandler
                0x00000000000004b0        0x8 ./startup/startup_mk64f12.o
                0x00000000000004b0                LVD_LVW_IRQHandler
 .text.LLWU_IRQHandler
                0x00000000000004b8        0x8 ./startup/startup_mk64f12.o
                0x00000000000004b8                LLWU_IRQHandler
 .text.WDOG_EWM_IRQHandler
                0x00000000000004c0        0x8 ./startup/startup_mk64f12.o
                0x00000000000004c0                WDOG_EWM_IRQHandler
 .text.RNG_IRQHandler
                0x00000000000004c8        0x8 ./startup/startup_mk64f12.o
                0x00000000000004c8                RNG_IRQHandler
 .text.I2C0_IRQHandler
                0x00000000000004d0        0x8 ./startup/startup_mk64f12.o
                0x00000000000004d0                I2C0_IRQHandler
 .text.I2C1_IRQHandler
                0x00000000000004d8        0x8 ./startup/startup_mk64f12.o
                0x00000000000004d8                I2C1_IRQHandler
 .text.SPI0_IRQHandler
                0x00000000000004e0        0x8 ./startup/startup_mk64f12.o
                0x00000000000004e0                SPI0_IRQHandler
 .text.SPI1_IRQHandler
                0x00000000000004e8        0x8 ./startup/startup_mk64f12.o
                0x00000000000004e8                SPI1_IRQHandler
 .text.I2S0_Tx_IRQHandler
                0x00000000000004f0        0x8 ./startup/startup_mk64f12.o
                0x00000000000004f0                I2S0_Tx_IRQHandler
 .text.I2S0_Rx_IRQHandler
                0x00000000000004f8        0x8 ./startup/startup_mk64f12.o
                0x00000000000004f8                I2S0_Rx_IRQHandler
 .text.UART0_LON_IRQHandler
                0x0000000000000500        0x8 ./startup/startup_mk64f12.o
                0x0000000000000500                UART0_LON_IRQHandler
 .text.UART0_RX_TX_IRQHandler
                0x0000000000000508        0x8 ./startup/startup_mk64f12.o
                0x0000000000000508                UART0_RX_TX_IRQHandler
 .text.UART0_ERR_IRQHandler
                0x0000000000000510        0x8 ./startup/startup_mk64f12.o
                0x0000000000000510                UART0_ERR_IRQHandler
 .text.UART1_RX_TX_IRQHandler
                0x0000000000000518        0x8 ./startup/startup_mk64f12.o
                0x0000000000000518                UART1_RX_TX_IRQHandler
 .text.UART1_ERR_IRQHandler
                0x0000000000000520        0x8 ./startup/startup_mk64f12.o
                0x0000000000000520                UART1_ERR_IRQHandler
 .text.UART2_RX_TX_IRQHandler
                0x0000000000000528        0x8 ./startup/startup_mk64f12.o
                0x0000000000000528                UART2_RX_TX_IRQHandler
 .text.UART2_ERR_IRQHandler
                0x0000000000000530        0x8 ./startup/startup_mk64f12.o
                0x0000000000000530                UART2_ERR_IRQHandler
 .text.UART3_RX_TX_IRQHandler
                0x0000000000000538        0x8 ./startup/startup_mk64f12.o
                0x0000000000000538                UART3_RX_TX_IRQHandler
 .text.UART3_ERR_IRQHandler
                0x0000000000000540        0x8 ./startup/startup_mk64f12.o
                0x0000000000000540                UART3_ERR_IRQHandler
 .text.ADC0_IRQHandler
                0x0000000000000548        0x8 ./startup/startup_mk64f12.o
                0x0000000000000548                ADC0_IRQHandler
 .text.CMP0_IRQHandler
                0x0000000000000550        0x8 ./startup/startup_mk64f12.o
                0x0000000000000550                CMP0_IRQHandler
 .text.CMP1_IRQHandler
                0x0000000000000558        0x8 ./startup/startup_mk64f12.o
                0x0000000000000558                CMP1_IRQHandler
 .text.FTM0_IRQHandler
                0x0000000000000560        0x8 ./startup/startup_mk64f12.o
                0x0000000000000560                FTM0_IRQHandler
 .text.FTM1_IRQHandler
                0x0000000000000568        0x8 ./startup/startup_mk64f12.o
                0x0000000000000568                FTM1_IRQHandler
 .text.FTM2_IRQHandler
                0x0000000000000570        0x8 ./startup/startup_mk64f12.o
                0x0000000000000570                FTM2_IRQHandler
 .text.CMT_IRQHandler
                0x0000000000000578        0x8 ./startup/startup_mk64f12.o
                0x0000000000000578                CMT_IRQHandler
 .text.RTC_IRQHandler
                0x0000000000000580        0x8 ./startup/startup_mk64f12.o
                0x0000000000000580                RTC_IRQHandler
 .text.RTC_Seconds_IRQHandler
                0x0000000000000588        0x8 ./startup/startup_mk64f12.o
                0x0000000000000588                RTC_Seconds_IRQHandler
 .text.PIT0_IRQHandler
                0x0000000000000590        0x8 ./startup/startup_mk64f12.o
                0x0000000000000590                PIT0_IRQHandler
 .text.PIT1_IRQHandler
                0x0000000000000598        0x8 ./startup/startup_mk64f12.o
                0x0000000000000598                PIT1_IRQHandler
 .text.PIT2_IRQHandler
                0x00000000000005a0        0x8 ./startup/startup_mk64f12.o
                0x00000000000005a0                PIT2_IRQHandler
 .text.PIT3_IRQHandler
                0x00000000000005a8        0x8 ./startup/startup_mk64f12.o
                0x00000000000005a8                PIT3_IRQHandler
 .text.PDB0_IRQHandler
                0x00000000000005b0        0x8 ./startup/startup_mk64f12.o
                0x00000000000005b0                PDB0_IRQHandler
 .text.USB0_IRQHandler
                0x00000000000005b8        0x8 ./startup/startup_mk64f12.o
                0x00000000000005b8                USB0_IRQHandler
 .text.USBDCD_IRQHandler
                0x00000000000005c0        0x8 ./startup/startup_mk64f12.o
                0x00000000000005c0                USBDCD_IRQHandler
 .text.Reserved71_IRQHandler
                0x00000000000005c8        0x8 ./startup/startup_mk64f12.o
                0x00000000000005c8                Reserved71_IRQHandler
 .text.DAC0_IRQHandler
                0x00000000000005d0        0x8 ./startup/startup_mk64f12.o
                0x00000000000005d0                DAC0_IRQHandler
 .text.MCG_IRQHandler
                0x00000000000005d8        0x8 ./startup/startup_mk64f12.o
                0x00000000000005d8                MCG_IRQHandler
 .text.LPTMR0_IRQHandler
                0x00000000000005e0        0x8 ./startup/startup_mk64f12.o
                0x00000000000005e0                LPTMR0_IRQHandler
 .text.PORTA_IRQHandler
                0x00000000000005e8        0x8 ./startup/startup_mk64f12.o
                0x00000000000005e8                PORTA_IRQHandler
 .text.PORTB_IRQHandler
                0x00000000000005f0        0x8 ./startup/startup_mk64f12.o
                0x00000000000005f0                PORTB_IRQHandler
 .text.PORTC_IRQHandler
                0x00000000000005f8        0x8 ./startup/startup_mk64f12.o
                0x00000000000005f8                PORTC_IRQHandler
 .text.PORTD_IRQHandler
                0x0000000000000600        0x8 ./startup/startup_mk64f12.o
                0x0000000000000600                PORTD_IRQHandler
 .text.PORTE_IRQHandler
                0x0000000000000608        0x8 ./startup/startup_mk64f12.o
                0x0000000000000608                PORTE_IRQHandler
 .text.SWI_IRQHandler
                0x0000000000000610        0x8 ./startup/startup_mk64f12.o
                0x0000000000000610                SWI_IRQHandler
 .text.SPI2_IRQHandler
                0x0000000000000618        0x8 ./startup/startup_mk64f12.o
                0x0000000000000618                SPI2_IRQHandler
 .text.UART4_RX_TX_IRQHandler
                0x0000000000000620        0x8 ./startup/startup_mk64f12.o
                0x0000000000000620                UART4_RX_TX_IRQHandler
 .text.UART4_ERR_IRQHandler
                0x0000000000000628        0x8 ./startup/startup_mk64f12.o
                0x0000000000000628                UART4_ERR_IRQHandler
 .text.UART5_RX_TX_IRQHandler
                0x0000000000000630        0x8 ./startup/startup_mk64f12.o
                0x0000000000000630                UART5_RX_TX_IRQHandler
 .text.UART5_ERR_IRQHandler
                0x0000000000000638        0x8 ./startup/startup_mk64f12.o
                0x0000000000000638                UART5_ERR_IRQHandler
 .text.CMP2_IRQHandler
                0x0000000000000640        0x8 ./startup/startup_mk64f12.o
                0x0000000000000640                CMP2_IRQHandler
 .text.FTM3_IRQHandler
                0x0000000000000648        0x8 ./startup/startup_mk64f12.o
                0x0000000000000648                FTM3_IRQHandler
 .text.DAC1_IRQHandler
                0x0000000000000650        0x8 ./startup/startup_mk64f12.o
                0x0000000000000650                DAC1_IRQHandler
 .text.ADC1_IRQHandler
                0x0000000000000658        0x8 ./startup/startup_mk64f12.o
                0x0000000000000658                ADC1_IRQHandler
 .text.I2C2_IRQHandler
                0x0000000000000660        0x8 ./startup/startup_mk64f12.o
                0x0000000000000660                I2C2_IRQHandler
 .text.CAN0_ORed_Message_buffer_IRQHandler
                0x0000000000000668        0x8 ./startup/startup_mk64f12.o
                0x0000000000000668                CAN0_ORed_Message_buffer_IRQHandler
 .text.CAN0_Bus_Off_IRQHandler
                0x0000000000000670        0x8 ./startup/startup_mk64f12.o
                0x0000000000000670                CAN0_Bus_Off_IRQHandler
 .text.CAN0_Error_IRQHandler
                0x0000000000000678        0x8 ./startup/startup_mk64f12.o
                0x0000000000000678                CAN0_Error_IRQHandler
 .text.CAN0_Tx_Warning_IRQHandler
                0x0000000000000680        0x8 ./startup/startup_mk64f12.o
                0x0000000000000680                CAN0_Tx_Warning_IRQHandler
 .text.CAN0_Rx_Warning_IRQHandler
                0x0000000000000688        0x8 ./startup/startup_mk64f12.o
                0x0000000000000688                CAN0_Rx_Warning_IRQHandler
 .text.CAN0_Wake_Up_IRQHandler
                0x0000000000000690        0x8 ./startup/startup_mk64f12.o
                0x0000000000000690                CAN0_Wake_Up_IRQHandler
 .text.SDHC_IRQHandler
                0x0000000000000698        0x8 ./startup/startup_mk64f12.o
                0x0000000000000698                SDHC_IRQHandler
 .text.ENET_1588_Timer_IRQHandler
                0x00000000000006a0        0x8 ./startup/startup_mk64f12.o
                0x00000000000006a0                ENET_1588_Timer_IRQHandler
 .text.ENET_Transmit_IRQHandler
                0x00000000000006a8        0x8 ./startup/startup_mk64f12.o
                0x00000000000006a8                ENET_Transmit_IRQHandler
 .text.ENET_Receive_IRQHandler
                0x00000000000006b0        0x8 ./startup/startup_mk64f12.o
                0x00000000000006b0                ENET_Receive_IRQHandler
 .text.ENET_Error_IRQHandler
                0x00000000000006b8        0x8 ./startup/startup_mk64f12.o
                0x00000000000006b8                ENET_Error_IRQHandler
 .text.main     0x00000000000006c0        0x8 ./source/main.o
                0x00000000000006c0                main
 .text.SystemInit
                0x00000000000006c8       0x40 ./CMSIS/system_MK64F12.o
                0x00000000000006c8                SystemInit
 .text.__main   0x0000000000000708        0xe /Applications/MCUXpressoIDE_10.0.2_411/ide/tools/bin/../lib/gcc/arm-none-eabi/5.4.1/../../../../arm-none-eabi/lib/armv7e-m/fpu/libcr_semihost_nf.a(_cr__main.o)
                0x0000000000000708                __main
                0x0000000000000708                __CR_SEMIHOST
 *fill*         0x0000000000000716        0x2 ff
 .text._initio  0x0000000000000718       0x78 /Applications/MCUXpressoIDE_10.0.2_411/ide/tools/bin/../lib/gcc/arm-none-eabi/5.4.1/../../../../arm-none-eabi/lib/armv7e-m/fpu/libcr_c.a(initio.o)
                0x0000000000000718                _initio
 .text.setvbuf  0x0000000000000790       0x44 /Applications/MCUXpressoIDE_10.0.2_411/ide/tools/bin/../lib/gcc/arm-none-eabi/5.4.1/../../../../arm-none-eabi/lib/armv7e-m/fpu/libcr_c.a(setvbuf.o)
                0x0000000000000790                setvbuf
 .text._fdopen  0x00000000000007d4       0x6a /Applications/MCUXpressoIDE_10.0.2_411/ide/tools/bin/../lib/gcc/arm-none-eabi/5.4.1/../../../../arm-none-eabi/lib/armv7e-m/fpu/libcr_c.a(_fdopen.o)
                0x00000000000007d4                _fdopen
 .text.fclose   0x000000000000083e       0x58 /Applications/MCUXpressoIDE_10.0.2_411/ide/tools/bin/../lib/gcc/arm-none-eabi/5.4.1/../../../../arm-none-eabi/lib/armv7e-m/fpu/libcr_c.a(fclose.o)
                0x000000000000083e                fclose
 *fill*         0x0000000000000896        0x2 ff
 .text.fflush   0x0000000000000898       0x48 /Applications/MCUXpressoIDE_10.0.2_411/ide/tools/bin/../lib/gcc/arm-none-eabi/5.4.1/../../../../arm-none-eabi/lib/armv7e-m/fpu/libcr_c.a(fflush.o)
                0x0000000000000898                fflush
 .text.fseek    0x00000000000008e0      0x100 /Applications/MCUXpressoIDE_10.0.2_411/ide/tools/bin/../lib/gcc/arm-none-eabi/5.4.1/../../../../arm-none-eabi/lib/armv7e-m/fpu/libcr_c.a(fseek.o)
                0x00000000000008e0                fseek
 .text.ftell    0x00000000000009e0       0x48 /Applications/MCUXpressoIDE_10.0.2_411/ide/tools/bin/../lib/gcc/arm-none-eabi/5.4.1/../../../../arm-none-eabi/lib/armv7e-m/fpu/libcr_c.a(ftell.o)
                0x00000000000009e0                ftell
 .text.remove   0x0000000000000a28       0x14 /Applications/MCUXpressoIDE_10.0.2_411/ide/tools/bin/../lib/gcc/arm-none-eabi/5.4.1/../../../../arm-none-eabi/lib/armv7e-m/fpu/libcr_c.a(remove.o)
                0x0000000000000a28                remove
 .text.strlen   0x0000000000000a3c       0x4a /Applications/MCUXpressoIDE_10.0.2_411/ide/tools/bin/../lib/gcc/arm-none-eabi/5.4.1/../../../../arm-none-eabi/lib/armv7e-m/fpu/libcr_c.a(strlen.o)
                0x0000000000000a3c                strlen
 .text.memset   0x0000000000000a86        0x4 /Applications/MCUXpressoIDE_10.0.2_411/ide/tools/bin/../lib/gcc/arm-none-eabi/5.4.1/../../../../arm-none-eabi/lib/armv7e-m/fpu/libcr_c.a(memset.o)
                0x0000000000000a86                memset
 .text._do_fflush
                0x0000000000000a8a       0x42 /Applications/MCUXpressoIDE_10.0.2_411/ide/tools/bin/../lib/gcc/arm-none-eabi/5.4.1/../../../../arm-none-eabi/lib/armv7e-m/fpu/libcr_c.a(_do_fflush.o)
                0x0000000000000a8a                _do_fflush
 .text._fflush  0x0000000000000acc       0x54 /Applications/MCUXpressoIDE_10.0.2_411/ide/tools/bin/../lib/gcc/arm-none-eabi/5.4.1/../../../../arm-none-eabi/lib/armv7e-m/fpu/libcr_c.a(_fflush.o)
                0x0000000000000acc                _fflush
 .text._Cwritebuf
                0x0000000000000b20       0x68 /Applications/MCUXpressoIDE_10.0.2_411/ide/tools/bin/../lib/gcc/arm-none-eabi/5.4.1/../../../../arm-none-eabi/lib/armv7e-m/fpu/libcr_c.a(_writebuf.o)
                0x0000000000000b20                _Cwritebuf
 .text.free     0x0000000000000b88       0x30 /Applications/MCUXpressoIDE_10.0.2_411/ide/tools/bin/../lib/gcc/arm-none-eabi/5.4.1/../../../../arm-none-eabi/lib/armv7e-m/fpu/libcr_c.a(alloc.o)
                0x0000000000000b88                free
 .text._deferredlazyseek
                0x0000000000000bb8       0x40 /Applications/MCUXpressoIDE_10.0.2_411/ide/tools/bin/../lib/gcc/arm-none-eabi/5.4.1/../../../../arm-none-eabi/lib/armv7e-m/fpu/libcr_c.a(_deferredlazyseek.o)
                0x0000000000000bb8                _deferredlazyseek
 .text.__aeabi_memset_lowlevel
                0x0000000000000bf8       0x32 /Applications/MCUXpressoIDE_10.0.2_411/ide/tools/bin/../lib/gcc/arm-none-eabi/5.4.1/armv7e-m/fpu/libcr_eabihelpers.a(memcpy.o)
                0x0000000000000bf8                __aeabi_lowlevel_memset
 .text.__sys_close
                0x0000000000000c2a        0xc /Applications/MCUXpressoIDE_10.0.2_411/ide/tools/bin/../lib/gcc/arm-none-eabi/5.4.1/../../../../arm-none-eabi/lib/armv7e-m/fpu/libcr_semihost_nf.a(__sys_close.o)
                0x0000000000000c2a                __sys_close
 .text.__sys_flen
                0x0000000000000c36        0xc /Applications/MCUXpressoIDE_10.0.2_411/ide/tools/bin/../lib/gcc/arm-none-eabi/5.4.1/../../../../arm-none-eabi/lib/armv7e-m/fpu/libcr_semihost_nf.a(__sys_flen.o)
                0x0000000000000c36                __sys_flen
 .text.__sys_istty
                0x0000000000000c42        0xc /Applications/MCUXpressoIDE_10.0.2_411/ide/tools/bin/../lib/gcc/arm-none-eabi/5.4.1/../../../../arm-none-eabi/lib/armv7e-m/fpu/libcr_semihost_nf.a(__sys_istty.o)
                0x0000000000000c42                __sys_istty
 .text.__sys_remove
                0x0000000000000c4e        0xc /Applications/MCUXpressoIDE_10.0.2_411/ide/tools/bin/../lib/gcc/arm-none-eabi/5.4.1/../../../../arm-none-eabi/lib/armv7e-m/fpu/libcr_semihost_nf.a(__sys_remove.o)
                0x0000000000000c4e                __sys_remove
 .text.__sys_seek
                0x0000000000000c5a        0xc /Applications/MCUXpressoIDE_10.0.2_411/ide/tools/bin/../lib/gcc/arm-none-eabi/5.4.1/../../../../arm-none-eabi/lib/armv7e-m/fpu/libcr_semihost_nf.a(__sys_seek.o)
                0x0000000000000c5a                __sys_seek
 .text.__sys_tmpnam
                0x0000000000000c66        0xc /Applications/MCUXpressoIDE_10.0.2_411/ide/tools/bin/../lib/gcc/arm-none-eabi/5.4.1/../../../../arm-none-eabi/lib/armv7e-m/fpu/libcr_semihost_nf.a(__sys_tmpnam.o)
                0x0000000000000c66                __sys_tmpnam
 .text.__sys_write
                0x0000000000000c72        0xc /Applications/MCUXpressoIDE_10.0.2_411/ide/tools/bin/../lib/gcc/arm-none-eabi/5.4.1/../../../../arm-none-eabi/lib/armv7e-m/fpu/libcr_semihost_nf.a(__sys_write.o)
                0x0000000000000c72                __sys_write
 *(.rodata .rodata.* .constdata .constdata.*)
 .rodata.str1.1
                0x0000000000000c7e        0x4 /Applications/MCUXpressoIDE_10.0.2_411/ide/tools/bin/../lib/gcc/arm-none-eabi/5.4.1/../../../../arm-none-eabi/lib/armv7e-m/fpu/libcr_c.a(initio.o)
 *fill*         0x0000000000000c82        0x2 ff
 .rodata.__num_Ciob_streams
                0x0000000000000c84        0x4 /Applications/MCUXpressoIDE_10.0.2_411/ide/tools/bin/../lib/gcc/arm-none-eabi/5.4.1/../../../../arm-none-eabi/lib/armv7e-m/fpu/libcr_semihost_nf.a(__ciob.o)
                0x0000000000000c84                __num_Ciob_streams
                0x0000000000000c88                . = ALIGN (0x4)

.glue_7         0x0000000000000c88        0x0
 .glue_7        0x0000000000000c88        0x0 linker stubs

.glue_7t        0x0000000000000c88        0x0
 .glue_7t       0x0000000000000c88        0x0 linker stubs

.vfp11_veneer   0x0000000000000c88        0x0
 .vfp11_veneer  0x0000000000000c88        0x0 linker stubs

.v4_bx          0x0000000000000c88        0x0
 .v4_bx         0x0000000000000c88        0x0 linker stubs

.iplt           0x0000000000000c88        0x0
 .iplt          0x0000000000000c88        0x0 ./startup/startup_mk64f12.o

.rel.dyn        0x0000000000000c88        0x0
 .rel.iplt      0x0000000000000c88        0x0 ./startup/startup_mk64f12.o

.ARM.extab
 *(.ARM.extab* .gnu.linkonce.armextab.*)
                0x0000000000000c88                __exidx_start = .

.ARM.exidx
 *(.ARM.exidx* .gnu.linkonce.armexidx.*)
                0x0000000000000c88                __exidx_end = .
                0x0000000000000c88                _etext = .

.m_usb_data
 *(m_usb_bdt)

.data_RAM2      0x000000001fff0000        0x0 load address 0x0000000000000c88
 FILL mask 0xff
                [!provide]                        PROVIDE (__start_data_RAM2, .)
 *(.ramfunc.$RAM2)
 *(.ramfunc.$SRAM_LOWER)
 *(.data.$RAM2*)
 *(.data.$SRAM_LOWER*)
                0x000000001fff0000                . = ALIGN (0x4)
                [!provide]                        PROVIDE (__end_data_RAM2, .)

.data_RAM3      0x0000000014000000        0x0 load address 0x0000000000000c88
 FILL mask 0xff
                [!provide]                        PROVIDE (__start_data_RAM3, .)
 *(.ramfunc.$RAM3)
 *(.ramfunc.$FLEX_RAM)
 *(.data.$RAM3*)
 *(.data.$FLEX_RAM*)
                0x0000000014000000                . = ALIGN (0x4)
                [!provide]                        PROVIDE (__end_data_RAM3, .)

.uninit_RESERVED
                0x0000000020000000        0x0
 *(.bss.$RESERVED*)
                0x0000000020000000                . = ALIGN (0x4)
                0x0000000020000000                _end_uninit_RESERVED = .

.data           0x0000000020000000        0x0 load address 0x0000000000000c88
 FILL mask 0xff
                0x0000000020000000                _data = .
 *(vtable)
 *(.ramfunc*)
 *(.data*)
                0x0000000020000000                . = ALIGN (0x4)
                0x0000000020000000                _edata = .

.igot.plt       0x0000000020000000        0x0 load address 0x0000000000000c88
 .igot.plt      0x0000000020000000        0x0 ./startup/startup_mk64f12.o

.bss_RAM2       0x000000001fff0000        0x0
                [!provide]                        PROVIDE (__start_bss_RAM2, .)
 *(.bss.$RAM2*)
 *(.bss.$SRAM_LOWER*)
                0x000000001fff0000                . = ALIGN ((. != 0x0)?0x4:0x1)
                [!provide]                        PROVIDE (__end_bss_RAM2, .)

.bss_RAM3       0x0000000014000000        0x0
                [!provide]                        PROVIDE (__start_bss_RAM3, .)
 *(.bss.$RAM3*)
 *(.bss.$FLEX_RAM*)
                0x0000000014000000                . = ALIGN ((. != 0x0)?0x4:0x1)
                [!provide]                        PROVIDE (__end_bss_RAM3, .)

.bss            0x0000000020000000       0xb8
                0x0000000020000000                _bss = .
 *(.bss*)
 .bss.errno     0x0000000020000000        0x4 /Applications/MCUXpressoIDE_10.0.2_411/ide/tools/bin/../lib/gcc/arm-none-eabi/5.4.1/../../../../arm-none-eabi/lib/armv7e-m/fpu/libcr_c.a(errno.o)
                0x0000000020000000                errno
 .bss.__Ciob    0x0000000020000004       0xb4 /Applications/MCUXpressoIDE_10.0.2_411/ide/tools/bin/../lib/gcc/arm-none-eabi/5.4.1/../../../../arm-none-eabi/lib/armv7e-m/fpu/libcr_semihost_nf.a(__ciob.o)
                0x0000000020000004                __Ciob
 *(COMMON)
                0x00000000200000b8                . = ALIGN (0x4)
                0x00000000200000b8                _ebss = .
                [!provide]                        PROVIDE (end, .)

.noinit_RAM2    0x000000001fff0000        0x0
 *(.noinit.$RAM2*)
 *(.noinit.$SRAM_LOWER*)
                0x000000001fff0000                . = ALIGN (0x4)

.noinit_RAM3    0x0000000014000000        0x0
 *(.noinit.$RAM3*)
 *(.noinit.$FLEX_RAM*)
                0x0000000014000000                . = ALIGN (0x4)

.noinit         0x00000000200000b8        0x0
                0x00000000200000b8                _noinit = .
 *(.noinit*)
                0x00000000200000b8                . = ALIGN (0x4)
                0x00000000200000b8                _end_noinit = .

.heap           0x00000000200000b8     0x1000
                0x00000000200000b8                _pvHeapStart = .
                0x00000000200010b8                . = (. + 0x1000)
 *fill*         0x00000000200000b8     0x1000 
                0x00000000200010b8                . = ALIGN (0x4)
                0x00000000200010b8                _pvHeapLimit = .

.heap2stackfill
                0x00000000200010b8     0x1000
                0x00000000200020b8                . = (. + 0x1000)
 *fill*         0x00000000200010b8     0x1000 

.stack          0x000000002002f000        0x0
                0x000000002002f000                _vStackBase = .
                0x000000002002f000                . = ALIGN (0x4)
                0x0000000020030000                _vStackTop = (. + 0x1000)
OUTPUT(P3.axf elf32-littlearm)

.debug_info     0x0000000000000000      0xfe5
 .debug_info    0x0000000000000000      0x8af ./startup/startup_mk64f12.o
 .debug_info    0x00000000000008af      0x150 ./source/main.o
 .debug_info    0x00000000000009ff      0x5e6 ./CMSIS/system_MK64F12.o

.debug_abbrev   0x0000000000000000      0x332
 .debug_abbrev  0x0000000000000000      0x140 ./startup/startup_mk64f12.o
 .debug_abbrev  0x0000000000000140       0xda ./source/main.o
 .debug_abbrev  0x000000000000021a      0x118 ./CMSIS/system_MK64F12.o

.debug_aranges  0x0000000000000000      0x378
 .debug_aranges
                0x0000000000000000      0x330 ./startup/startup_mk64f12.o
 .debug_aranges
                0x0000000000000330       0x20 ./source/main.o
 .debug_aranges
                0x0000000000000350       0x28 ./CMSIS/system_MK64F12.o

.debug_ranges   0x0000000000000000      0x348
 .debug_ranges  0x0000000000000000      0x320 ./startup/startup_mk64f12.o
 .debug_ranges  0x0000000000000320       0x10 ./source/main.o
 .debug_ranges  0x0000000000000330       0x18 ./CMSIS/system_MK64F12.o

.debug_macro    0x0000000000000000     0x1f3d
 .debug_macro   0x0000000000000000       0x29 ./startup/startup_mk64f12.o
 .debug_macro   0x0000000000000029      0x8c2 ./startup/startup_mk64f12.o
 .debug_macro   0x00000000000008eb       0xba ./source/main.o
 .debug_macro   0x00000000000009a5       0xd8 ./source/main.o
 .debug_macro   0x0000000000000a7d       0x9f ./CMSIS/system_MK64F12.o
 .debug_macro   0x0000000000000b1c       0x10 ./CMSIS/system_MK64F12.o
 .debug_macro   0x0000000000000b2c       0x3b ./CMSIS/system_MK64F12.o
 .debug_macro   0x0000000000000b67     0x13d6 ./CMSIS/system_MK64F12.o

.debug_line     0x0000000000000000      0xb67
 .debug_line    0x0000000000000000      0x6b9 ./startup/startup_mk64f12.o
 .debug_line    0x00000000000006b9      0x227 ./source/main.o
 .debug_line    0x00000000000008e0      0x287 ./CMSIS/system_MK64F12.o

.debug_str      0x0000000000000000    0x779aa
 .debug_str     0x0000000000000000     0x2dd5 ./startup/startup_mk64f12.o
                                       0x2e2d (size before relaxing)
 .debug_str     0x0000000000002dd5    0x6d779 ./source/main.o
                                      0x6fd83 (size before relaxing)
 .debug_str     0x000000000007054e     0x745c ./CMSIS/system_MK64F12.o
                                      0x76e6c (size before relaxing)

.comment        0x0000000000000000       0x6e
 .comment       0x0000000000000000       0x6e ./startup/startup_mk64f12.o
                                         0x6f (size before relaxing)
 .comment       0x000000000000006e       0x6f ./source/main.o
 .comment       0x000000000000006e       0x6f ./CMSIS/system_MK64F12.o
 .comment       0x000000000000006e       0x6f /Applications/MCUXpressoIDE_10.0.2_411/ide/tools/bin/../lib/gcc/arm-none-eabi/5.4.1/../../../../arm-none-eabi/lib/armv7e-m/fpu/libcr_semihost_nf.a(_cr__main.o)
 .comment       0x000000000000006e       0x6f /Applications/MCUXpressoIDE_10.0.2_411/ide/tools/bin/../lib/gcc/arm-none-eabi/5.4.1/../../../../arm-none-eabi/lib/armv7e-m/fpu/libcr_c.a(initio.o)
 .comment       0x000000000000006e       0x6f /Applications/MCUXpressoIDE_10.0.2_411/ide/tools/bin/../lib/gcc/arm-none-eabi/5.4.1/../../../../arm-none-eabi/lib/armv7e-m/fpu/libcr_c.a(setvbuf.o)
 .comment       0x000000000000006e       0x6f /Applications/MCUXpressoIDE_10.0.2_411/ide/tools/bin/../lib/gcc/arm-none-eabi/5.4.1/../../../../arm-none-eabi/lib/armv7e-m/fpu/libcr_c.a(_fdopen.o)
 .comment       0x000000000000006e       0x6f /Applications/MCUXpressoIDE_10.0.2_411/ide/tools/bin/../lib/gcc/arm-none-eabi/5.4.1/../../../../arm-none-eabi/lib/armv7e-m/fpu/libcr_c.a(fclose.o)
 .comment       0x000000000000006e       0x6f /Applications/MCUXpressoIDE_10.0.2_411/ide/tools/bin/../lib/gcc/arm-none-eabi/5.4.1/../../../../arm-none-eabi/lib/armv7e-m/fpu/libcr_c.a(fflush.o)
 .comment       0x000000000000006e       0x6f /Applications/MCUXpressoIDE_10.0.2_411/ide/tools/bin/../lib/gcc/arm-none-eabi/5.4.1/../../../../arm-none-eabi/lib/armv7e-m/fpu/libcr_c.a(fseek.o)
 .comment       0x000000000000006e       0x6f /Applications/MCUXpressoIDE_10.0.2_411/ide/tools/bin/../lib/gcc/arm-none-eabi/5.4.1/../../../../arm-none-eabi/lib/armv7e-m/fpu/libcr_c.a(ftell.o)
 .comment       0x000000000000006e       0x6f /Applications/MCUXpressoIDE_10.0.2_411/ide/tools/bin/../lib/gcc/arm-none-eabi/5.4.1/../../../../arm-none-eabi/lib/armv7e-m/fpu/libcr_c.a(remove.o)
 .comment       0x000000000000006e       0x6f /Applications/MCUXpressoIDE_10.0.2_411/ide/tools/bin/../lib/gcc/arm-none-eabi/5.4.1/../../../../arm-none-eabi/lib/armv7e-m/fpu/libcr_c.a(strlen.o)
 .comment       0x000000000000006e       0x6f /Applications/MCUXpressoIDE_10.0.2_411/ide/tools/bin/../lib/gcc/arm-none-eabi/5.4.1/../../../../arm-none-eabi/lib/armv7e-m/fpu/libcr_c.a(memset.o)
 .comment       0x000000000000006e       0x6f /Applications/MCUXpressoIDE_10.0.2_411/ide/tools/bin/../lib/gcc/arm-none-eabi/5.4.1/../../../../arm-none-eabi/lib/armv7e-m/fpu/libcr_c.a(_do_fflush.o)
 .comment       0x000000000000006e       0x6f /Applications/MCUXpressoIDE_10.0.2_411/ide/tools/bin/../lib/gcc/arm-none-eabi/5.4.1/../../../../arm-none-eabi/lib/armv7e-m/fpu/libcr_c.a(_fflush.o)
 .comment       0x000000000000006e       0x6f /Applications/MCUXpressoIDE_10.0.2_411/ide/tools/bin/../lib/gcc/arm-none-eabi/5.4.1/../../../../arm-none-eabi/lib/armv7e-m/fpu/libcr_c.a(_writebuf.o)
 .comment       0x000000000000006e       0x6f /Applications/MCUXpressoIDE_10.0.2_411/ide/tools/bin/../lib/gcc/arm-none-eabi/5.4.1/../../../../arm-none-eabi/lib/armv7e-m/fpu/libcr_c.a(alloc.o)
 .comment       0x000000000000006e       0x6f /Applications/MCUXpressoIDE_10.0.2_411/ide/tools/bin/../lib/gcc/arm-none-eabi/5.4.1/../../../../arm-none-eabi/lib/armv7e-m/fpu/libcr_c.a(errno.o)
 .comment       0x000000000000006e       0x6f /Applications/MCUXpressoIDE_10.0.2_411/ide/tools/bin/../lib/gcc/arm-none-eabi/5.4.1/../../../../arm-none-eabi/lib/armv7e-m/fpu/libcr_c.a(_deferredlazyseek.o)
 .comment       0x000000000000006e       0x6f /Applications/MCUXpressoIDE_10.0.2_411/ide/tools/bin/../lib/gcc/arm-none-eabi/5.4.1/../../../../arm-none-eabi/lib/armv7e-m/fpu/libcr_semihost_nf.a(__ciob.o)

.ARM.attributes
                0x0000000000000000       0x37
 .ARM.attributes
                0x0000000000000000       0x39 ./startup/startup_mk64f12.o
 .ARM.attributes
                0x0000000000000039       0x39 ./source/main.o
 .ARM.attributes
                0x0000000000000072       0x39 ./CMSIS/system_MK64F12.o
 .ARM.attributes
                0x00000000000000ab       0x39 /Applications/MCUXpressoIDE_10.0.2_411/ide/tools/bin/../lib/gcc/arm-none-eabi/5.4.1/../../../../arm-none-eabi/lib/armv7e-m/fpu/libcr_semihost_nf.a(_cr__main.o)
 .ARM.attributes
                0x00000000000000e4       0x39 /Applications/MCUXpressoIDE_10.0.2_411/ide/tools/bin/../lib/gcc/arm-none-eabi/5.4.1/../../../../arm-none-eabi/lib/armv7e-m/fpu/libcr_c.a(initio.o)
 .ARM.attributes
                0x000000000000011d       0x39 /Applications/MCUXpressoIDE_10.0.2_411/ide/tools/bin/../lib/gcc/arm-none-eabi/5.4.1/../../../../arm-none-eabi/lib/armv7e-m/fpu/libcr_c.a(setvbuf.o)
 .ARM.attributes
                0x0000000000000156       0x39 /Applications/MCUXpressoIDE_10.0.2_411/ide/tools/bin/../lib/gcc/arm-none-eabi/5.4.1/../../../../arm-none-eabi/lib/armv7e-m/fpu/libcr_c.a(_fdopen.o)
 .ARM.attributes
                0x000000000000018f       0x39 /Applications/MCUXpressoIDE_10.0.2_411/ide/tools/bin/../lib/gcc/arm-none-eabi/5.4.1/../../../../arm-none-eabi/lib/armv7e-m/fpu/libcr_c.a(fclose.o)
 .ARM.attributes
                0x00000000000001c8       0x39 /Applications/MCUXpressoIDE_10.0.2_411/ide/tools/bin/../lib/gcc/arm-none-eabi/5.4.1/../../../../arm-none-eabi/lib/armv7e-m/fpu/libcr_c.a(fflush.o)
 .ARM.attributes
                0x0000000000000201       0x39 /Applications/MCUXpressoIDE_10.0.2_411/ide/tools/bin/../lib/gcc/arm-none-eabi/5.4.1/../../../../arm-none-eabi/lib/armv7e-m/fpu/libcr_c.a(fseek.o)
 .ARM.attributes
                0x000000000000023a       0x39 /Applications/MCUXpressoIDE_10.0.2_411/ide/tools/bin/../lib/gcc/arm-none-eabi/5.4.1/../../../../arm-none-eabi/lib/armv7e-m/fpu/libcr_c.a(ftell.o)
 .ARM.attributes
                0x0000000000000273       0x39 /Applications/MCUXpressoIDE_10.0.2_411/ide/tools/bin/../lib/gcc/arm-none-eabi/5.4.1/../../../../arm-none-eabi/lib/armv7e-m/fpu/libcr_c.a(remove.o)
 .ARM.attributes
                0x00000000000002ac       0x39 /Applications/MCUXpressoIDE_10.0.2_411/ide/tools/bin/../lib/gcc/arm-none-eabi/5.4.1/../../../../arm-none-eabi/lib/armv7e-m/fpu/libcr_c.a(strlen.o)
 .ARM.attributes
                0x00000000000002e5       0x39 /Applications/MCUXpressoIDE_10.0.2_411/ide/tools/bin/../lib/gcc/arm-none-eabi/5.4.1/../../../../arm-none-eabi/lib/armv7e-m/fpu/libcr_c.a(memset.o)
 .ARM.attributes
                0x000000000000031e       0x39 /Applications/MCUXpressoIDE_10.0.2_411/ide/tools/bin/../lib/gcc/arm-none-eabi/5.4.1/../../../../arm-none-eabi/lib/armv7e-m/fpu/libcr_c.a(_do_fflush.o)
 .ARM.attributes
                0x0000000000000357       0x39 /Applications/MCUXpressoIDE_10.0.2_411/ide/tools/bin/../lib/gcc/arm-none-eabi/5.4.1/../../../../arm-none-eabi/lib/armv7e-m/fpu/libcr_c.a(_fflush.o)
 .ARM.attributes
                0x0000000000000390       0x39 /Applications/MCUXpressoIDE_10.0.2_411/ide/tools/bin/../lib/gcc/arm-none-eabi/5.4.1/../../../../arm-none-eabi/lib/armv7e-m/fpu/libcr_c.a(_writebuf.o)
 .ARM.attributes
                0x00000000000003c9       0x39 /Applications/MCUXpressoIDE_10.0.2_411/ide/tools/bin/../lib/gcc/arm-none-eabi/5.4.1/../../../../arm-none-eabi/lib/armv7e-m/fpu/libcr_c.a(alloc.o)
 .ARM.attributes
                0x0000000000000402       0x39 /Applications/MCUXpressoIDE_10.0.2_411/ide/tools/bin/../lib/gcc/arm-none-eabi/5.4.1/../../../../arm-none-eabi/lib/armv7e-m/fpu/libcr_c.a(errno.o)
 .ARM.attributes
                0x000000000000043b       0x39 /Applications/MCUXpressoIDE_10.0.2_411/ide/tools/bin/../lib/gcc/arm-none-eabi/5.4.1/../../../../arm-none-eabi/lib/armv7e-m/fpu/libcr_c.a(_deferredlazyseek.o)
 .ARM.attributes
                0x0000000000000474       0x25 /Applications/MCUXpressoIDE_10.0.2_411/ide/tools/bin/../lib/gcc/arm-none-eabi/5.4.1/armv7e-m/fpu/libcr_eabihelpers.a(memcpy.o)
 .ARM.attributes
                0x0000000000000499       0x39 /Applications/MCUXpressoIDE_10.0.2_411/ide/tools/bin/../lib/gcc/arm-none-eabi/5.4.1/../../../../arm-none-eabi/lib/armv7e-m/fpu/libcr_semihost_nf.a(__ciob.o)
 .ARM.attributes
                0x00000000000004d2       0x25 /Applications/MCUXpressoIDE_10.0.2_411/ide/tools/bin/../lib/gcc/arm-none-eabi/5.4.1/../../../../arm-none-eabi/lib/armv7e-m/fpu/libcr_semihost_nf.a(__sys_close.o)
 .ARM.attributes
                0x00000000000004f7       0x25 /Applications/MCUXpressoIDE_10.0.2_411/ide/tools/bin/../lib/gcc/arm-none-eabi/5.4.1/../../../../arm-none-eabi/lib/armv7e-m/fpu/libcr_semihost_nf.a(__sys_flen.o)
 .ARM.attributes
                0x000000000000051c       0x25 /Applications/MCUXpressoIDE_10.0.2_411/ide/tools/bin/../lib/gcc/arm-none-eabi/5.4.1/../../../../arm-none-eabi/lib/armv7e-m/fpu/libcr_semihost_nf.a(__sys_istty.o)
 .ARM.attributes
                0x0000000000000541       0x25 /Applications/MCUXpressoIDE_10.0.2_411/ide/tools/bin/../lib/gcc/arm-none-eabi/5.4.1/../../../../arm-none-eabi/lib/armv7e-m/fpu/libcr_semihost_nf.a(__sys_remove.o)
 .ARM.attributes
                0x0000000000000566       0x25 /Applications/MCUXpressoIDE_10.0.2_411/ide/tools/bin/../lib/gcc/arm-none-eabi/5.4.1/../../../../arm-none-eabi/lib/armv7e-m/fpu/libcr_semihost_nf.a(__sys_seek.o)
 .ARM.attributes
                0x000000000000058b       0x25 /Applications/MCUXpressoIDE_10.0.2_411/ide/tools/bin/../lib/gcc/arm-none-eabi/5.4.1/../../../../arm-none-eabi/lib/armv7e-m/fpu/libcr_semihost_nf.a(__sys_tmpnam.o)
 .ARM.attributes
                0x00000000000005b0       0x25 /Applications/MCUXpressoIDE_10.0.2_411/ide/tools/bin/../lib/gcc/arm-none-eabi/5.4.1/../../../../arm-none-eabi/lib/armv7e-m/fpu/libcr_semihost_nf.a(__sys_write.o)

.debug_frame    0x0000000000000000      0x984
 .debug_frame   0x0000000000000000      0x904 ./startup/startup_mk64f12.o
 .debug_frame   0x0000000000000904       0x28 ./source/main.o
 .debug_frame   0x000000000000092c       0x58 ./CMSIS/system_MK64F12.o
